  Determining projects to restore...
  All projects are up-to-date for restore.
C:\Program Files\dotnet\sdk\9.0.302\Microsoft.Common.CurrentVersion.targets(5933,5): warning MSB3061: Unable to delete file "E:\DoAnTotNghiep\BackEnd\BookingTicket.API\bin\Debug\net8.0\BookingTicket.API.exe". Access to the path 'E:\DoAnTotNghiep\BackEnd\BookingTicket.API\bin\Debug\net8.0\BookingTicket.API.exe' is denied. The file is locked by: "BookingTicket.API (19712)" [E:\DoAnTotNghiep\BackEnd\BookingTicket.API\BookingTicket.API.csproj]
C:\Program Files\dotnet\sdk\9.0.302\Microsoft.Common.CurrentVersion.targets(5933,5): warning MSB3061: Unable to delete file "E:\DoAnTotNghiep\BackEnd\BookingTicket.API\bin\Debug\net8.0\BookingTicket.API.dll". Access to the path 'E:\DoAnTotNghiep\BackEnd\BookingTicket.API\bin\Debug\net8.0\BookingTicket.API.dll' is denied. The file is locked by: "Microsoft Visual Studio 2022 (29544), BookingTicket.API (19712)" [E:\DoAnTotNghiep\BackEnd\BookingTicket.API\BookingTicket.API.csproj]
C:\Program Files\dotnet\sdk\9.0.302\Microsoft.Common.CurrentVersion.targets(5933,5): warning MSB3061: Unable to delete file "E:\DoAnTotNghiep\BackEnd\BookingTicket.API\bin\Debug\net8.0\AutoMapper.dll". Access to the path 'E:\DoAnTotNghiep\BackEnd\BookingTicket.API\bin\Debug\net8.0\AutoMapper.dll' is denied. The file is locked by: "Microsoft Visual Studio 2022 (29544), BookingTicket.API (19712)" [E:\DoAnTotNghiep\BackEnd\BookingTicket.API\BookingTicket.API.csproj]
C:\Program Files\dotnet\sdk\9.0.302\Microsoft.Common.CurrentVersion.targets(5933,5): warning MSB3061: Unable to delete file "E:\DoAnTotNghiep\BackEnd\BookingTicket.API\bin\Debug\net8.0\AutoMapper.Extensions.Microsoft.DependencyInjection.dll". Access to the path 'E:\DoAnTotNghiep\BackEnd\BookingTicket.API\bin\Debug\net8.0\AutoMapper.Extensions.Microsoft.DependencyInjection.dll' is denied. The file is locked by: "BookingTicket.API (19712)" [E:\DoAnTotNghiep\BackEnd\BookingTicket.API\BookingTicket.API.csproj]
C:\Program Files\dotnet\sdk\9.0.302\Microsoft.Common.CurrentVersion.targets(5933,5): warning MSB3061: Unable to delete file "E:\DoAnTotNghiep\BackEnd\BookingTicket.API\bin\Debug\net8.0\FluentValidation.dll". Access to the path 'E:\DoAnTotNghiep\BackEnd\BookingTicket.API\bin\Debug\net8.0\FluentValidation.dll' is denied. The file is locked by: "Microsoft Visual Studio 2022 (29544), BookingTicket.API (19712)" [E:\DoAnTotNghiep\BackEnd\BookingTicket.API\BookingTicket.API.csproj]
C:\Program Files\dotnet\sdk\9.0.302\Microsoft.Common.CurrentVersion.targets(5933,5): warning MSB3061: Unable to delete file "E:\DoAnTotNghiep\BackEnd\BookingTicket.API\bin\Debug\net8.0\FluentValidation.AspNetCore.dll". Access to the path 'E:\DoAnTotNghiep\BackEnd\BookingTicket.API\bin\Debug\net8.0\FluentValidation.AspNetCore.dll' is denied. The file is locked by: "Microsoft Visual Studio 2022 (29544), BookingTicket.API (19712)" [E:\DoAnTotNghiep\BackEnd\BookingTicket.API\BookingTicket.API.csproj]
C:\Program Files\dotnet\sdk\9.0.302\Microsoft.Common.CurrentVersion.targets(5933,5): warning MSB3061: Unable to delete file "E:\DoAnTotNghiep\BackEnd\BookingTicket.API\bin\Debug\net8.0\Microsoft.AspNetCore.Cryptography.Internal.dll". Access to the path 'E:\DoAnTotNghiep\BackEnd\BookingTicket.API\bin\Debug\net8.0\Microsoft.AspNetCore.Cryptography.Internal.dll' is denied. The file is locked by: "BookingTicket.API (19712)" [E:\DoAnTotNghiep\BackEnd\BookingTicket.API\BookingTicket.API.csproj]
C:\Program Files\dotnet\sdk\9.0.302\Microsoft.Common.CurrentVersion.targets(5933,5): warning MSB3061: Unable to delete file "E:\DoAnTotNghiep\BackEnd\BookingTicket.API\bin\Debug\net8.0\Microsoft.AspNetCore.Cryptography.KeyDerivation.dll". Access to the path 'E:\DoAnTotNghiep\BackEnd\BookingTicket.API\bin\Debug\net8.0\Microsoft.AspNetCore.Cryptography.KeyDerivation.dll' is denied. The file is locked by: "BookingTicket.API (19712)" [E:\DoAnTotNghiep\BackEnd\BookingTicket.API\BookingTicket.API.csproj]
C:\Program Files\dotnet\sdk\9.0.302\Microsoft.Common.CurrentVersion.targets(5933,5): warning MSB3061: Unable to delete file "E:\DoAnTotNghiep\BackEnd\BookingTicket.API\bin\Debug\net8.0\Microsoft.AspNetCore.Identity.EntityFrameworkCore.dll". Access to the path 'E:\DoAnTotNghiep\BackEnd\BookingTicket.API\bin\Debug\net8.0\Microsoft.AspNetCore.Identity.EntityFrameworkCore.dll' is denied. The file is locked by: "Microsoft Visual Studio 2022 (29544), BookingTicket.API (19712)" [E:\DoAnTotNghiep\BackEnd\BookingTicket.API\BookingTicket.API.csproj]
C:\Program Files\dotnet\sdk\9.0.302\Microsoft.Common.CurrentVersion.targets(5933,5): warning MSB3061: Unable to delete file "E:\DoAnTotNghiep\BackEnd\BookingTicket.API\bin\Debug\net8.0\Microsoft.EntityFrameworkCore.dll". Access to the path 'E:\DoAnTotNghiep\BackEnd\BookingTicket.API\bin\Debug\net8.0\Microsoft.EntityFrameworkCore.dll' is denied. The file is locked by: "Microsoft Visual Studio 2022 (29544), BookingTicket.API (19712)" [E:\DoAnTotNghiep\BackEnd\BookingTicket.API\BookingTicket.API.csproj]
C:\Program Files\dotnet\sdk\9.0.302\Microsoft.Common.CurrentVersion.targets(5933,5): warning MSB3061: Unable to delete file "E:\DoAnTotNghiep\BackEnd\BookingTicket.API\bin\Debug\net8.0\Microsoft.EntityFrameworkCore.Abstractions.dll". Access to the path 'E:\DoAnTotNghiep\BackEnd\BookingTicket.API\bin\Debug\net8.0\Microsoft.EntityFrameworkCore.Abstractions.dll' is denied. The file is locked by: "BookingTicket.API (19712)" [E:\DoAnTotNghiep\BackEnd\BookingTicket.API\BookingTicket.API.csproj]
C:\Program Files\dotnet\sdk\9.0.302\Microsoft.Common.CurrentVersion.targets(5933,5): warning MSB3061: Unable to delete file "E:\DoAnTotNghiep\BackEnd\BookingTicket.API\bin\Debug\net8.0\Microsoft.EntityFrameworkCore.Relational.dll". Access to the path 'E:\DoAnTotNghiep\BackEnd\BookingTicket.API\bin\Debug\net8.0\Microsoft.EntityFrameworkCore.Relational.dll' is denied. The file is locked by: "Microsoft Visual Studio 2022 (29544), BookingTicket.API (19712)" [E:\DoAnTotNghiep\BackEnd\BookingTicket.API\BookingTicket.API.csproj]
C:\Program Files\dotnet\sdk\9.0.302\Microsoft.Common.CurrentVersion.targets(5933,5): warning MSB3061: Unable to delete file "E:\DoAnTotNghiep\BackEnd\BookingTicket.API\bin\Debug\net8.0\Microsoft.EntityFrameworkCore.SqlServer.dll". Access to the path 'E:\DoAnTotNghiep\BackEnd\BookingTicket.API\bin\Debug\net8.0\Microsoft.EntityFrameworkCore.SqlServer.dll' is denied. The file is locked by: "Microsoft Visual Studio 2022 (29544), BookingTicket.API (19712)" [E:\DoAnTotNghiep\BackEnd\BookingTicket.API\BookingTicket.API.csproj]
C:\Program Files\dotnet\sdk\9.0.302\Microsoft.Common.CurrentVersion.targets(5933,5): warning MSB3061: Unable to delete file "E:\DoAnTotNghiep\BackEnd\BookingTicket.API\bin\Debug\net8.0\Microsoft.Extensions.Caching.Abstractions.dll". Access to the path 'E:\DoAnTotNghiep\BackEnd\BookingTicket.API\bin\Debug\net8.0\Microsoft.Extensions.Caching.Abstractions.dll' is denied. The file is locked by: "BookingTicket.API (19712)" [E:\DoAnTotNghiep\BackEnd\BookingTicket.API\BookingTicket.API.csproj]
C:\Program Files\dotnet\sdk\9.0.302\Microsoft.Common.CurrentVersion.targets(5933,5): warning MSB3061: Unable to delete file "E:\DoAnTotNghiep\BackEnd\BookingTicket.API\bin\Debug\net8.0\Microsoft.Extensions.Configuration.dll". Access to the path 'E:\DoAnTotNghiep\BackEnd\BookingTicket.API\bin\Debug\net8.0\Microsoft.Extensions.Configuration.dll' is denied. The file is locked by: "BookingTicket.API (19712)" [E:\DoAnTotNghiep\BackEnd\BookingTicket.API\BookingTicket.API.csproj]
C:\Program Files\dotnet\sdk\9.0.302\Microsoft.Common.CurrentVersion.targets(5933,5): warning MSB3061: Unable to delete file "E:\DoAnTotNghiep\BackEnd\BookingTicket.API\bin\Debug\net8.0\Microsoft.Extensions.Configuration.Abstractions.dll". Access to the path 'E:\DoAnTotNghiep\BackEnd\BookingTicket.API\bin\Debug\net8.0\Microsoft.Extensions.Configuration.Abstractions.dll' is denied. The file is locked by: "BookingTicket.API (19712)" [E:\DoAnTotNghiep\BackEnd\BookingTicket.API\BookingTicket.API.csproj]
C:\Program Files\dotnet\sdk\9.0.302\Microsoft.Common.CurrentVersion.targets(5933,5): warning MSB3061: Unable to delete file "E:\DoAnTotNghiep\BackEnd\BookingTicket.API\bin\Debug\net8.0\Microsoft.Extensions.Configuration.Binder.dll". Access to the path 'E:\DoAnTotNghiep\BackEnd\BookingTicket.API\bin\Debug\net8.0\Microsoft.Extensions.Configuration.Binder.dll' is denied. The file is locked by: "BookingTicket.API (19712)" [E:\DoAnTotNghiep\BackEnd\BookingTicket.API\BookingTicket.API.csproj]
C:\Program Files\dotnet\sdk\9.0.302\Microsoft.Common.CurrentVersion.targets(5933,5): warning MSB3061: Unable to delete file "E:\DoAnTotNghiep\BackEnd\BookingTicket.API\bin\Debug\net8.0\Microsoft.Extensions.DependencyInjection.dll". Access to the path 'E:\DoAnTotNghiep\BackEnd\BookingTicket.API\bin\Debug\net8.0\Microsoft.Extensions.DependencyInjection.dll' is denied. The file is locked by: "Microsoft Visual Studio 2022 (29544), BookingTicket.API (19712)" [E:\DoAnTotNghiep\BackEnd\BookingTicket.API\BookingTicket.API.csproj]
C:\Program Files\dotnet\sdk\9.0.302\Microsoft.Common.CurrentVersion.targets(5933,5): warning MSB3061: Unable to delete file "E:\DoAnTotNghiep\BackEnd\BookingTicket.API\bin\Debug\net8.0\Microsoft.Extensions.DependencyInjection.Abstractions.dll". Access to the path 'E:\DoAnTotNghiep\BackEnd\BookingTicket.API\bin\Debug\net8.0\Microsoft.Extensions.DependencyInjection.Abstractions.dll' is denied. The file is locked by: "BookingTicket.API (19712)" [E:\DoAnTotNghiep\BackEnd\BookingTicket.API\BookingTicket.API.csproj]
C:\Program Files\dotnet\sdk\9.0.302\Microsoft.Common.CurrentVersion.targets(5933,5): warning MSB3061: Unable to delete file "E:\DoAnTotNghiep\BackEnd\BookingTicket.API\bin\Debug\net8.0\Microsoft.Extensions.Diagnostics.dll". Access to the path 'E:\DoAnTotNghiep\BackEnd\BookingTicket.API\bin\Debug\net8.0\Microsoft.Extensions.Diagnostics.dll' is denied. The file is locked by: "BookingTicket.API (19712)" [E:\DoAnTotNghiep\BackEnd\BookingTicket.API\BookingTicket.API.csproj]
C:\Program Files\dotnet\sdk\9.0.302\Microsoft.Common.CurrentVersion.targets(5933,5): warning MSB3061: Unable to delete file "E:\DoAnTotNghiep\BackEnd\BookingTicket.API\bin\Debug\net8.0\Microsoft.Extensions.Diagnostics.Abstractions.dll". Access to the path 'E:\DoAnTotNghiep\BackEnd\BookingTicket.API\bin\Debug\net8.0\Microsoft.Extensions.Diagnostics.Abstractions.dll' is denied. The file is locked by: "BookingTicket.API (19712)" [E:\DoAnTotNghiep\BackEnd\BookingTicket.API\BookingTicket.API.csproj]
C:\Program Files\dotnet\sdk\9.0.302\Microsoft.Common.CurrentVersion.targets(5933,5): warning MSB3061: Unable to delete file "E:\DoAnTotNghiep\BackEnd\BookingTicket.API\bin\Debug\net8.0\Microsoft.Extensions.Identity.Core.dll". Access to the path 'E:\DoAnTotNghiep\BackEnd\BookingTicket.API\bin\Debug\net8.0\Microsoft.Extensions.Identity.Core.dll' is denied. The file is locked by: "Microsoft Visual Studio 2022 (29544), BookingTicket.API (19712)" [E:\DoAnTotNghiep\BackEnd\BookingTicket.API\BookingTicket.API.csproj]
C:\Program Files\dotnet\sdk\9.0.302\Microsoft.Common.CurrentVersion.targets(5933,5): warning MSB3061: Unable to delete file "E:\DoAnTotNghiep\BackEnd\BookingTicket.API\bin\Debug\net8.0\Microsoft.Extensions.Identity.Stores.dll". Access to the path 'E:\DoAnTotNghiep\BackEnd\BookingTicket.API\bin\Debug\net8.0\Microsoft.Extensions.Identity.Stores.dll' is denied. The file is locked by: "BookingTicket.API (19712)" [E:\DoAnTotNghiep\BackEnd\BookingTicket.API\BookingTicket.API.csproj]
C:\Program Files\dotnet\sdk\9.0.302\Microsoft.Common.CurrentVersion.targets(5933,5): warning MSB3061: Unable to delete file "E:\DoAnTotNghiep\BackEnd\BookingTicket.API\bin\Debug\net8.0\Microsoft.Extensions.Logging.dll". Access to the path 'E:\DoAnTotNghiep\BackEnd\BookingTicket.API\bin\Debug\net8.0\Microsoft.Extensions.Logging.dll' is denied. The file is locked by: "BookingTicket.API (19712)" [E:\DoAnTotNghiep\BackEnd\BookingTicket.API\BookingTicket.API.csproj]
C:\Program Files\dotnet\sdk\9.0.302\Microsoft.Common.CurrentVersion.targets(5933,5): warning MSB3061: Unable to delete file "E:\DoAnTotNghiep\BackEnd\BookingTicket.API\bin\Debug\net8.0\Microsoft.Extensions.Logging.Abstractions.dll". Access to the path 'E:\DoAnTotNghiep\BackEnd\BookingTicket.API\bin\Debug\net8.0\Microsoft.Extensions.Logging.Abstractions.dll' is denied. The file is locked by: "Microsoft Visual Studio 2022 (29544), BookingTicket.API (19712)" [E:\DoAnTotNghiep\BackEnd\BookingTicket.API\BookingTicket.API.csproj]
C:\Program Files\dotnet\sdk\9.0.302\Microsoft.Common.CurrentVersion.targets(5933,5): warning MSB3061: Unable to delete file "E:\DoAnTotNghiep\BackEnd\BookingTicket.API\bin\Debug\net8.0\Microsoft.Extensions.Options.dll". Access to the path 'E:\DoAnTotNghiep\BackEnd\BookingTicket.API\bin\Debug\net8.0\Microsoft.Extensions.Options.dll' is denied. The file is locked by: "BookingTicket.API (19712)" [E:\DoAnTotNghiep\BackEnd\BookingTicket.API\BookingTicket.API.csproj]
C:\Program Files\dotnet\sdk\9.0.302\Microsoft.Common.CurrentVersion.targets(5933,5): warning MSB3061: Unable to delete file "E:\DoAnTotNghiep\BackEnd\BookingTicket.API\bin\Debug\net8.0\Microsoft.Extensions.Options.ConfigurationExtensions.dll". Access to the path 'E:\DoAnTotNghiep\BackEnd\BookingTicket.API\bin\Debug\net8.0\Microsoft.Extensions.Options.ConfigurationExtensions.dll' is denied. The file is locked by: "BookingTicket.API (19712)" [E:\DoAnTotNghiep\BackEnd\BookingTicket.API\BookingTicket.API.csproj]
C:\Program Files\dotnet\sdk\9.0.302\Microsoft.Common.CurrentVersion.targets(5933,5): warning MSB3061: Unable to delete file "E:\DoAnTotNghiep\BackEnd\BookingTicket.API\bin\Debug\net8.0\Microsoft.Extensions.Primitives.dll". Access to the path 'E:\DoAnTotNghiep\BackEnd\BookingTicket.API\bin\Debug\net8.0\Microsoft.Extensions.Primitives.dll' is denied. The file is locked by: "BookingTicket.API (19712)" [E:\DoAnTotNghiep\BackEnd\BookingTicket.API\BookingTicket.API.csproj]
C:\Program Files\dotnet\sdk\9.0.302\Microsoft.Common.CurrentVersion.targets(5933,5): warning MSB3061: Unable to delete file "E:\DoAnTotNghiep\BackEnd\BookingTicket.API\bin\Debug\net8.0\Microsoft.Identity.Client.dll". Access to the path 'E:\DoAnTotNghiep\BackEnd\BookingTicket.API\bin\Debug\net8.0\Microsoft.Identity.Client.dll' is denied. The file is locked by: "Microsoft Visual Studio 2022 (29544), BookingTicket.API (19712)" [E:\DoAnTotNghiep\BackEnd\BookingTicket.API\BookingTicket.API.csproj]
C:\Program Files\dotnet\sdk\9.0.302\Microsoft.Common.CurrentVersion.targets(5933,5): warning MSB3061: Unable to delete file "E:\DoAnTotNghiep\BackEnd\BookingTicket.API\bin\Debug\net8.0\Microsoft.OpenApi.dll". Access to the path 'E:\DoAnTotNghiep\BackEnd\BookingTicket.API\bin\Debug\net8.0\Microsoft.OpenApi.dll' is denied. The file is locked by: "Microsoft Visual Studio 2022 (29544), BookingTicket.API (19712)" [E:\DoAnTotNghiep\BackEnd\BookingTicket.API\BookingTicket.API.csproj]
C:\Program Files\dotnet\sdk\9.0.302\Microsoft.Common.CurrentVersion.targets(5933,5): warning MSB3061: Unable to delete file "E:\DoAnTotNghiep\BackEnd\BookingTicket.API\bin\Debug\net8.0\Microsoft.SqlServer.Server.dll". Access to the path 'E:\DoAnTotNghiep\BackEnd\BookingTicket.API\bin\Debug\net8.0\Microsoft.SqlServer.Server.dll' is denied. The file is locked by: "BookingTicket.API (19712)" [E:\DoAnTotNghiep\BackEnd\BookingTicket.API\BookingTicket.API.csproj]
C:\Program Files\dotnet\sdk\9.0.302\Microsoft.Common.CurrentVersion.targets(5933,5): warning MSB3061: Unable to delete file "E:\DoAnTotNghiep\BackEnd\BookingTicket.API\bin\Debug\net8.0\payos-lib-dotnet-5.0.dll". Access to the path 'E:\DoAnTotNghiep\BackEnd\BookingTicket.API\bin\Debug\net8.0\payos-lib-dotnet-5.0.dll' is denied. The file is locked by: "BookingTicket.API (19712)" [E:\DoAnTotNghiep\BackEnd\BookingTicket.API\BookingTicket.API.csproj]
C:\Program Files\dotnet\sdk\9.0.302\Microsoft.Common.CurrentVersion.targets(5933,5): warning MSB3061: Unable to delete file "E:\DoAnTotNghiep\BackEnd\BookingTicket.API\bin\Debug\net8.0\Swashbuckle.AspNetCore.Swagger.dll". Access to the path 'E:\DoAnTotNghiep\BackEnd\BookingTicket.API\bin\Debug\net8.0\Swashbuckle.AspNetCore.Swagger.dll' is denied. The file is locked by: "BookingTicket.API (19712)" [E:\DoAnTotNghiep\BackEnd\BookingTicket.API\BookingTicket.API.csproj]
C:\Program Files\dotnet\sdk\9.0.302\Microsoft.Common.CurrentVersion.targets(5933,5): warning MSB3061: Unable to delete file "E:\DoAnTotNghiep\BackEnd\BookingTicket.API\bin\Debug\net8.0\Swashbuckle.AspNetCore.SwaggerGen.dll". Access to the path 'E:\DoAnTotNghiep\BackEnd\BookingTicket.API\bin\Debug\net8.0\Swashbuckle.AspNetCore.SwaggerGen.dll' is denied. The file is locked by: "Microsoft Visual Studio 2022 (29544), BookingTicket.API (19712)" [E:\DoAnTotNghiep\BackEnd\BookingTicket.API\BookingTicket.API.csproj]
C:\Program Files\dotnet\sdk\9.0.302\Microsoft.Common.CurrentVersion.targets(5933,5): warning MSB3061: Unable to delete file "E:\DoAnTotNghiep\BackEnd\BookingTicket.API\bin\Debug\net8.0\Swashbuckle.AspNetCore.SwaggerUI.dll". Access to the path 'E:\DoAnTotNghiep\BackEnd\BookingTicket.API\bin\Debug\net8.0\Swashbuckle.AspNetCore.SwaggerUI.dll' is denied. The file is locked by: "Microsoft Visual Studio 2022 (29544), BookingTicket.API (19712)" [E:\DoAnTotNghiep\BackEnd\BookingTicket.API\BookingTicket.API.csproj]
C:\Program Files\dotnet\sdk\9.0.302\Microsoft.Common.CurrentVersion.targets(5933,5): warning MSB3061: Unable to delete file "E:\DoAnTotNghiep\BackEnd\BookingTicket.API\bin\Debug\net8.0\System.Configuration.ConfigurationManager.dll". Access to the path 'E:\DoAnTotNghiep\BackEnd\BookingTicket.API\bin\Debug\net8.0\System.Configuration.ConfigurationManager.dll' is denied. The file is locked by: "Microsoft Visual Studio 2022 (29544), BookingTicket.API (19712)" [E:\DoAnTotNghiep\BackEnd\BookingTicket.API\BookingTicket.API.csproj]
C:\Program Files\dotnet\sdk\9.0.302\Microsoft.Common.CurrentVersion.targets(5933,5): warning MSB3061: Unable to delete file "E:\DoAnTotNghiep\BackEnd\BookingTicket.API\bin\Debug\net8.0\System.Diagnostics.DiagnosticSource.dll". Access to the path 'E:\DoAnTotNghiep\BackEnd\BookingTicket.API\bin\Debug\net8.0\System.Diagnostics.DiagnosticSource.dll' is denied. The file is locked by: "Microsoft Visual Studio 2022 (29544), BookingTicket.API (19712)" [E:\DoAnTotNghiep\BackEnd\BookingTicket.API\BookingTicket.API.csproj]
C:\Program Files\dotnet\sdk\9.0.302\Microsoft.Common.CurrentVersion.targets(5933,5): warning MSB3061: Unable to delete file "E:\DoAnTotNghiep\BackEnd\BookingTicket.API\bin\Debug\net8.0\runtimes\win\lib\net6.0\Microsoft.Data.SqlClient.dll". Access to the path 'E:\DoAnTotNghiep\BackEnd\BookingTicket.API\bin\Debug\net8.0\runtimes\win\lib\net6.0\Microsoft.Data.SqlClient.dll' is denied. The file is locked by: "Microsoft Visual Studio 2022 (29544), BookingTicket.API (19712)" [E:\DoAnTotNghiep\BackEnd\BookingTicket.API\BookingTicket.API.csproj]
C:\Program Files\dotnet\sdk\9.0.302\Microsoft.Common.CurrentVersion.targets(5933,5): warning MSB3061: Unable to delete file "E:\DoAnTotNghiep\BackEnd\BookingTicket.API\bin\Debug\net8.0\runtimes\win-x64\native\Microsoft.Data.SqlClient.SNI.dll". Access to the path 'E:\DoAnTotNghiep\BackEnd\BookingTicket.API\bin\Debug\net8.0\runtimes\win-x64\native\Microsoft.Data.SqlClient.SNI.dll' is denied. The file is locked by: "BookingTicket.API (19712)" [E:\DoAnTotNghiep\BackEnd\BookingTicket.API\BookingTicket.API.csproj]
C:\Program Files\dotnet\sdk\9.0.302\Microsoft.Common.CurrentVersion.targets(5933,5): warning MSB3061: Unable to delete file "E:\DoAnTotNghiep\BackEnd\BookingTicket.API\bin\Debug\net8.0\BookingTicket.Application.dll". Access to the path 'E:\DoAnTotNghiep\BackEnd\BookingTicket.API\bin\Debug\net8.0\BookingTicket.Application.dll' is denied. The file is locked by: "Microsoft Visual Studio 2022 (29544), BookingTicket.API (19712)" [E:\DoAnTotNghiep\BackEnd\BookingTicket.API\BookingTicket.API.csproj]
C:\Program Files\dotnet\sdk\9.0.302\Microsoft.Common.CurrentVersion.targets(5933,5): warning MSB3061: Unable to delete file "E:\DoAnTotNghiep\BackEnd\BookingTicket.API\bin\Debug\net8.0\BookingTicket.Domain.dll". Access to the path 'E:\DoAnTotNghiep\BackEnd\BookingTicket.API\bin\Debug\net8.0\BookingTicket.Domain.dll' is denied. The file is locked by: "BookingTicket.API (19712)" [E:\DoAnTotNghiep\BackEnd\BookingTicket.API\BookingTicket.API.csproj]
C:\Program Files\dotnet\sdk\9.0.302\Microsoft.Common.CurrentVersion.targets(5933,5): warning MSB3061: Unable to delete file "E:\DoAnTotNghiep\BackEnd\BookingTicket.API\bin\Debug\net8.0\BookingTicket.Infrastructure.dll". Access to the path 'E:\DoAnTotNghiep\BackEnd\BookingTicket.API\bin\Debug\net8.0\BookingTicket.Infrastructure.dll' is denied. The file is locked by: "Microsoft Visual Studio 2022 (29544), BookingTicket.API (19712)" [E:\DoAnTotNghiep\BackEnd\BookingTicket.API\BookingTicket.API.csproj]
E:\DoAnTotNghiep\BackEnd\BookingTicket.Domain\Entities\Ward.cs(16,23): warning CS8618: Non-nullable property 'WardName' must contain a non-null value when exiting constructor. Consider adding the 'required' modifier or declaring the property as nullable. [E:\DoAnTotNghiep\BackEnd\BookingTicket.Domain\BookingTicket.Domain.csproj]
E:\DoAnTotNghiep\BackEnd\BookingTicket.Domain\Entities\Ward.cs(20,26): warning CS8618: Non-nullable property 'Province' must contain a non-null value when exiting constructor. Consider adding the 'required' modifier or declaring the property as nullable. [E:\DoAnTotNghiep\BackEnd\BookingTicket.Domain\BookingTicket.Domain.csproj]
E:\DoAnTotNghiep\BackEnd\BookingTicket.Domain\Entities\Tickets.cs(12,22): warning CS8618: Non-nullable property 'TripSeat' must contain a non-null value when exiting constructor. Consider adding the 'required' modifier or declaring the property as nullable. [E:\DoAnTotNghiep\BackEnd\BookingTicket.Domain\BookingTicket.Domain.csproj]
E:\DoAnTotNghiep\BackEnd\BookingTicket.Domain\Entities\Tickets.cs(15,21): warning CS8618: Non-nullable property 'Booking' must contain a non-null value when exiting constructor. Consider adding the 'required' modifier or declaring the property as nullable. [E:\DoAnTotNghiep\BackEnd\BookingTicket.Domain\BookingTicket.Domain.csproj]
E:\DoAnTotNghiep\BackEnd\BookingTicket.Domain\Entities\TripSeats.cs(17,22): warning CS8618: Non-nullable property 'Trip' must contain a non-null value when exiting constructor. Consider adding the 'required' modifier or declaring the property as nullable. [E:\DoAnTotNghiep\BackEnd\BookingTicket.Domain\BookingTicket.Domain.csproj]
E:\DoAnTotNghiep\BackEnd\BookingTicket.Domain\Entities\TripSeats.cs(20,22): warning CS8618: Non-nullable property 'Seat' must contain a non-null value when exiting constructor. Consider adding the 'required' modifier or declaring the property as nullable. [E:\DoAnTotNghiep\BackEnd\BookingTicket.Domain\BookingTicket.Domain.csproj]
E:\DoAnTotNghiep\BackEnd\BookingTicket.Domain\Entities\TripSeats.cs(24,37): warning CS8618: Non-nullable property 'Tickets' must contain a non-null value when exiting constructor. Consider adding the 'required' modifier or declaring the property as nullable. [E:\DoAnTotNghiep\BackEnd\BookingTicket.Domain\BookingTicket.Domain.csproj]
E:\DoAnTotNghiep\BackEnd\BookingTicket.Domain\Entities\Trips.cs(13,26): warning CS8618: Non-nullable property 'Schedule' must contain a non-null value when exiting constructor. Consider adding the 'required' modifier or declaring the property as nullable. [E:\DoAnTotNghiep\BackEnd\BookingTicket.Domain\BookingTicket.Domain.csproj]
E:\DoAnTotNghiep\BackEnd\BookingTicket.Domain\Entities\Trips.cs(19,22): warning CS8618: Non-nullable property 'Bus' must contain a non-null value when exiting constructor. Consider adding the 'required' modifier or declaring the property as nullable. [E:\DoAnTotNghiep\BackEnd\BookingTicket.Domain\BookingTicket.Domain.csproj]
E:\DoAnTotNghiep\BackEnd\BookingTicket.Domain\Entities\Trips.cs(21,23): warning CS8618: Non-nullable property 'Route' must contain a non-null value when exiting constructor. Consider adding the 'required' modifier or declaring the property as nullable. [E:\DoAnTotNghiep\BackEnd\BookingTicket.Domain\BookingTicket.Domain.csproj]
E:\DoAnTotNghiep\BackEnd\BookingTicket.Domain\Entities\Seats.cs(17,27): warning CS8618: Non-nullable property 'SeatNumber' must contain a non-null value when exiting constructor. Consider adding the 'required' modifier or declaring the property as nullable. [E:\DoAnTotNghiep\BackEnd\BookingTicket.Domain\BookingTicket.Domain.csproj]
E:\DoAnTotNghiep\BackEnd\BookingTicket.Domain\Entities\Seats.cs(30,26): warning CS8618: Non-nullable property 'Bus' must contain a non-null value when exiting constructor. Consider adding the 'required' modifier or declaring the property as nullable. [E:\DoAnTotNghiep\BackEnd\BookingTicket.Domain\BookingTicket.Domain.csproj]
E:\DoAnTotNghiep\BackEnd\BookingTicket.Domain\Entities\Routes.cs(15,23): warning CS8618: Non-nullable property 'RouteName' must contain a non-null value when exiting constructor. Consider adding the 'required' modifier or declaring the property as nullable. [E:\DoAnTotNghiep\BackEnd\BookingTicket.Domain\BookingTicket.Domain.csproj]
E:\DoAnTotNghiep\BackEnd\BookingTicket.Domain\Entities\Routes.cs(19,23): warning CS8618: Non-nullable property 'DepartureOffice' must contain a non-null value when exiting constructor. Consider adding the 'required' modifier or declaring the property as nullable. [E:\DoAnTotNghiep\BackEnd\BookingTicket.Domain\BookingTicket.Domain.csproj]
E:\DoAnTotNghiep\BackEnd\BookingTicket.Domain\Entities\Routes.cs(22,23): warning CS8618: Non-nullable property 'ArrivalOffice' must contain a non-null value when exiting constructor. Consider adding the 'required' modifier or declaring the property as nullable. [E:\DoAnTotNghiep\BackEnd\BookingTicket.Domain\BookingTicket.Domain.csproj]
E:\DoAnTotNghiep\BackEnd\BookingTicket.Domain\Entities\Provinces.cs(13,23): warning CS8618: Non-nullable property 'ProvinceName' must contain a non-null value when exiting constructor. Consider adding the 'required' modifier or declaring the property as nullable. [E:\DoAnTotNghiep\BackEnd\BookingTicket.Domain\BookingTicket.Domain.csproj]
E:\DoAnTotNghiep\BackEnd\BookingTicket.Domain\Entities\Payments.cs(23,31): warning CS8618: Non-nullable property 'PaymentMethod' must contain a non-null value when exiting constructor. Consider adding the 'required' modifier or declaring the property as nullable. [E:\DoAnTotNghiep\BackEnd\BookingTicket.Domain\BookingTicket.Domain.csproj]
E:\DoAnTotNghiep\BackEnd\BookingTicket.Domain\Entities\Payments.cs(26,25): warning CS8618: Non-nullable property 'Booking' must contain a non-null value when exiting constructor. Consider adding the 'required' modifier or declaring the property as nullable. [E:\DoAnTotNghiep\BackEnd\BookingTicket.Domain\BookingTicket.Domain.csproj]
E:\DoAnTotNghiep\BackEnd\BookingTicket.Domain\Entities\PaymentMethods.cs(17,23): warning CS8618: Non-nullable property 'PaymentType' must contain a non-null value when exiting constructor. Consider adding the 'required' modifier or declaring the property as nullable. [E:\DoAnTotNghiep\BackEnd\BookingTicket.Domain\BookingTicket.Domain.csproj]
E:\DoAnTotNghiep\BackEnd\BookingTicket.Domain\Entities\PaymentMethods.cs(19,38): warning CS8618: Non-nullable property 'Payments' must contain a non-null value when exiting constructor. Consider adding the 'required' modifier or declaring the property as nullable. [E:\DoAnTotNghiep\BackEnd\BookingTicket.Domain\BookingTicket.Domain.csproj]
E:\DoAnTotNghiep\BackEnd\BookingTicket.Domain\Entities\Office.cs(13,23): warning CS8618: Non-nullable property 'OfficeName' must contain a non-null value when exiting constructor. Consider adding the 'required' modifier or declaring the property as nullable. [E:\DoAnTotNghiep\BackEnd\BookingTicket.Domain\BookingTicket.Domain.csproj]
E:\DoAnTotNghiep\BackEnd\BookingTicket.Domain\Entities\Office.cs(17,23): warning CS8618: Non-nullable property 'Address' must contain a non-null value when exiting constructor. Consider adding the 'required' modifier or declaring the property as nullable. [E:\DoAnTotNghiep\BackEnd\BookingTicket.Domain\BookingTicket.Domain.csproj]
E:\DoAnTotNghiep\BackEnd\BookingTicket.Domain\Entities\Office.cs(21,23): warning CS8618: Non-nullable property 'PhoneNumber' must contain a non-null value when exiting constructor. Consider adding the 'required' modifier or declaring the property as nullable. [E:\DoAnTotNghiep\BackEnd\BookingTicket.Domain\BookingTicket.Domain.csproj]
E:\DoAnTotNghiep\BackEnd\BookingTicket.Domain\Entities\Office.cs(24,21): warning CS8618: Non-nullable property 'Ward' must contain a non-null value when exiting constructor. Consider adding the 'required' modifier or declaring the property as nullable. [E:\DoAnTotNghiep\BackEnd\BookingTicket.Domain\BookingTicket.Domain.csproj]
E:\DoAnTotNghiep\BackEnd\BookingTicket.Domain\Entities\BusTypes.cs(13,23): warning CS8618: Non-nullable property 'TypeName' must contain a non-null value when exiting constructor. Consider adding the 'required' modifier or declaring the property as nullable. [E:\DoAnTotNghiep\BackEnd\BookingTicket.Domain\BookingTicket.Domain.csproj]
E:\DoAnTotNghiep\BackEnd\BookingTicket.Domain\Entities\BusTypes.cs(18,23): warning CS8618: Non-nullable property 'Description' must contain a non-null value when exiting constructor. Consider adding the 'required' modifier or declaring the property as nullable. [E:\DoAnTotNghiep\BackEnd\BookingTicket.Domain\BookingTicket.Domain.csproj]
E:\DoAnTotNghiep\BackEnd\BookingTicket.Domain\Entities\Buses.cs(16,23): warning CS8618: Non-nullable property 'BusName' must contain a non-null value when exiting constructor. Consider adding the 'required' modifier or declaring the property as nullable. [E:\DoAnTotNghiep\BackEnd\BookingTicket.Domain\BookingTicket.Domain.csproj]
E:\DoAnTotNghiep\BackEnd\BookingTicket.Domain\Entities\Buses.cs(21,25): warning CS8618: Non-nullable property 'BusType' must contain a non-null value when exiting constructor. Consider adding the 'required' modifier or declaring the property as nullable. [E:\DoAnTotNghiep\BackEnd\BookingTicket.Domain\BookingTicket.Domain.csproj]
E:\DoAnTotNghiep\BackEnd\BookingTicket.Domain\Entities\Buses.cs(23,23): warning CS8618: Non-nullable property 'PlateNumber' must contain a non-null value when exiting constructor. Consider adding the 'required' modifier or declaring the property as nullable. [E:\DoAnTotNghiep\BackEnd\BookingTicket.Domain\BookingTicket.Domain.csproj]
E:\DoAnTotNghiep\BackEnd\BookingTicket.Domain\Entities\Buses.cs(27,35): warning CS8618: Non-nullable property 'Seats' must contain a non-null value when exiting constructor. Consider adding the 'required' modifier or declaring the property as nullable. [E:\DoAnTotNghiep\BackEnd\BookingTicket.Domain\BookingTicket.Domain.csproj]
E:\DoAnTotNghiep\BackEnd\BookingTicket.Domain\Entities\Buses.cs(28,35): warning CS8618: Non-nullable property 'Trips' must contain a non-null value when exiting constructor. Consider adding the 'required' modifier or declaring the property as nullable. [E:\DoAnTotNghiep\BackEnd\BookingTicket.Domain\BookingTicket.Domain.csproj]
  BookingTicket.Domain -> E:\DoAnTotNghiep\BackEnd\BookingTicket.Domain\bin\Debug\net8.0\BookingTicket.Domain.dll
E:\DoAnTotNghiep\BackEnd\BookingTicket.Application\DTOs\User\PassengerDto.cs(20,23): warning CS8618: Non-nullable property 'TicketCode' must contain a non-null value when exiting constructor. Consider adding the 'required' modifier or declaring the property as nullable. [E:\DoAnTotNghiep\BackEnd\BookingTicket.Application\BookingTicket.Application.csproj]
E:\DoAnTotNghiep\BackEnd\BookingTicket.Application\DTOs\User\PassengerDto.cs(22,23): warning CS8618: Non-nullable property 'RouteName' must contain a non-null value when exiting constructor. Consider adding the 'required' modifier or declaring the property as nullable. [E:\DoAnTotNghiep\BackEnd\BookingTicket.Application\BookingTicket.Application.csproj]
E:\DoAnTotNghiep\BackEnd\BookingTicket.Application\DTOs\User\PassengerDto.cs(24,23): warning CS8618: Non-nullable property 'Status' must contain a non-null value when exiting constructor. Consider adding the 'required' modifier or declaring the property as nullable. [E:\DoAnTotNghiep\BackEnd\BookingTicket.Application\BookingTicket.Application.csproj]
E:\DoAnTotNghiep\BackEnd\BookingTicket.Application\DTOs\User\PassengerDto.cs(7,23): warning CS8618: Non-nullable property 'Id' must contain a non-null value when exiting constructor. Consider adding the 'required' modifier or declaring the property as nullable. [E:\DoAnTotNghiep\BackEnd\BookingTicket.Application\BookingTicket.Application.csproj]
E:\DoAnTotNghiep\BackEnd\BookingTicket.Application\DTOs\User\PassengerDto.cs(8,23): warning CS8618: Non-nullable property 'FullName' must contain a non-null value when exiting constructor. Consider adding the 'required' modifier or declaring the property as nullable. [E:\DoAnTotNghiep\BackEnd\BookingTicket.Application\BookingTicket.Application.csproj]
E:\DoAnTotNghiep\BackEnd\BookingTicket.Application\DTOs\User\PassengerDto.cs(9,23): warning CS8618: Non-nullable property 'PhoneNumber' must contain a non-null value when exiting constructor. Consider adding the 'required' modifier or declaring the property as nullable. [E:\DoAnTotNghiep\BackEnd\BookingTicket.Application\BookingTicket.Application.csproj]
E:\DoAnTotNghiep\BackEnd\BookingTicket.Application\DTOs\User\PassengerDto.cs(10,23): warning CS8618: Non-nullable property 'Email' must contain a non-null value when exiting constructor. Consider adding the 'required' modifier or declaring the property as nullable. [E:\DoAnTotNghiep\BackEnd\BookingTicket.Application\BookingTicket.Application.csproj]
E:\DoAnTotNghiep\BackEnd\BookingTicket.Application\DTOs\User\PassengerDto.cs(14,23): warning CS8618: Non-nullable property 'Status' must contain a non-null value when exiting constructor. Consider adding the 'required' modifier or declaring the property as nullable. [E:\DoAnTotNghiep\BackEnd\BookingTicket.Application\BookingTicket.Application.csproj]
E:\DoAnTotNghiep\BackEnd\BookingTicket.Application\DTOs\Trip\TripMonitoringDto.cs(27,23): warning CS8618: Non-nullable property 'SeatNumber' must contain a non-null value when exiting constructor. Consider adding the 'required' modifier or declaring the property as nullable. [E:\DoAnTotNghiep\BackEnd\BookingTicket.Application\BookingTicket.Application.csproj]
E:\DoAnTotNghiep\BackEnd\BookingTicket.Application\DTOs\Trip\TripMonitoringDto.cs(34,23): warning CS8618: Non-nullable property 'CustomerName' must contain a non-null value when exiting constructor. Consider adding the 'required' modifier or declaring the property as nullable. [E:\DoAnTotNghiep\BackEnd\BookingTicket.Application\BookingTicket.Application.csproj]
E:\DoAnTotNghiep\BackEnd\BookingTicket.Application\DTOs\Trip\TripMonitoringDto.cs(35,23): warning CS8618: Non-nullable property 'PhoneNumber' must contain a non-null value when exiting constructor. Consider adding the 'required' modifier or declaring the property as nullable. [E:\DoAnTotNghiep\BackEnd\BookingTicket.Application\BookingTicket.Application.csproj]
E:\DoAnTotNghiep\BackEnd\BookingTicket.Application\DTOs\Trip\TripMonitoringDto.cs(9,23): warning CS8618: Non-nullable property 'RouteName' must contain a non-null value when exiting constructor. Consider adding the 'required' modifier or declaring the property as nullable. [E:\DoAnTotNghiep\BackEnd\BookingTicket.Application\BookingTicket.Application.csproj]
E:\DoAnTotNghiep\BackEnd\BookingTicket.Application\DTOs\Trip\TripMonitoringDto.cs(10,23): warning CS8618: Non-nullable property 'DepartureTime' must contain a non-null value when exiting constructor. Consider adding the 'required' modifier or declaring the property as nullable. [E:\DoAnTotNghiep\BackEnd\BookingTicket.Application\BookingTicket.Application.csproj]
E:\DoAnTotNghiep\BackEnd\BookingTicket.Application\DTOs\Trip\TripMonitoringDto.cs(11,23): warning CS8618: Non-nullable property 'DepartureDate' must contain a non-null value when exiting constructor. Consider adding the 'required' modifier or declaring the property as nullable. [E:\DoAnTotNghiep\BackEnd\BookingTicket.Application\BookingTicket.Application.csproj]
E:\DoAnTotNghiep\BackEnd\BookingTicket.Application\DTOs\Trip\TripMonitoringDto.cs(12,23): warning CS8618: Non-nullable property 'ArrivalTime' must contain a non-null value when exiting constructor. Consider adding the 'required' modifier or declaring the property as nullable. [E:\DoAnTotNghiep\BackEnd\BookingTicket.Application\BookingTicket.Application.csproj]
E:\DoAnTotNghiep\BackEnd\BookingTicket.Application\DTOs\Trip\TripMonitoringDto.cs(14,23): warning CS8618: Non-nullable property 'BusPlate' must contain a non-null value when exiting constructor. Consider adding the 'required' modifier or declaring the property as nullable. [E:\DoAnTotNghiep\BackEnd\BookingTicket.Application\BookingTicket.Application.csproj]
E:\DoAnTotNghiep\BackEnd\BookingTicket.Application\DTOs\Trip\TripMonitoringDto.cs(15,23): warning CS8618: Non-nullable property 'BusType' must contain a non-null value when exiting constructor. Consider adding the 'required' modifier or declaring the property as nullable. [E:\DoAnTotNghiep\BackEnd\BookingTicket.Application\BookingTicket.Application.csproj]
E:\DoAnTotNghiep\BackEnd\BookingTicket.Application\DTOs\Trip\TripMonitoringDto.cs(20,23): warning CS8618: Non-nullable property 'DepartureOfficeName' must contain a non-null value when exiting constructor. Consider adding the 'required' modifier or declaring the property as nullable. [E:\DoAnTotNghiep\BackEnd\BookingTicket.Application\BookingTicket.Application.csproj]
E:\DoAnTotNghiep\BackEnd\BookingTicket.Application\DTOs\Trip\TripMonitoringDto.cs(21,23): warning CS8618: Non-nullable property 'ArrivalOfficeName' must contain a non-null value when exiting constructor. Consider adding the 'required' modifier or declaring the property as nullable. [E:\DoAnTotNghiep\BackEnd\BookingTicket.Application\BookingTicket.Application.csproj]
E:\DoAnTotNghiep\BackEnd\BookingTicket.Application\DTOs\Schedule\ScheduleDto.cs(22,23): warning CS8618: Non-nullable property 'DepartureTime' must contain a non-null value when exiting constructor. Consider adding the 'required' modifier or declaring the property as nullable. [E:\DoAnTotNghiep\BackEnd\BookingTicket.Application\BookingTicket.Application.csproj]
E:\DoAnTotNghiep\BackEnd\BookingTicket.Application\DTOs\Schedule\ScheduleDto.cs(23,23): warning CS8618: Non-nullable property 'ArrivalTime' must contain a non-null value when exiting constructor. Consider adding the 'required' modifier or declaring the property as nullable. [E:\DoAnTotNghiep\BackEnd\BookingTicket.Application\BookingTicket.Application.csproj]
E:\DoAnTotNghiep\BackEnd\BookingTicket.Application\DTOs\Schedule\ScheduleDto.cs(9,23): warning CS8618: Non-nullable property 'RouteName' must contain a non-null value when exiting constructor. Consider adding the 'required' modifier or declaring the property as nullable. [E:\DoAnTotNghiep\BackEnd\BookingTicket.Application\BookingTicket.Application.csproj]
E:\DoAnTotNghiep\BackEnd\BookingTicket.Application\DTOs\Schedule\ScheduleDto.cs(11,23): warning CS8618: Non-nullable property 'BusPlate' must contain a non-null value when exiting constructor. Consider adding the 'required' modifier or declaring the property as nullable. [E:\DoAnTotNghiep\BackEnd\BookingTicket.Application\BookingTicket.Application.csproj]
E:\DoAnTotNghiep\BackEnd\BookingTicket.Application\DTOs\Schedule\ScheduleDto.cs(12,23): warning CS8618: Non-nullable property 'DepartureTime' must contain a non-null value when exiting constructor. Consider adding the 'required' modifier or declaring the property as nullable. [E:\DoAnTotNghiep\BackEnd\BookingTicket.Application\BookingTicket.Application.csproj]
E:\DoAnTotNghiep\BackEnd\BookingTicket.Application\DTOs\Schedule\ScheduleDto.cs(13,23): warning CS8618: Non-nullable property 'ArrivalTime' must contain a non-null value when exiting constructor. Consider adding the 'required' modifier or declaring the property as nullable. [E:\DoAnTotNghiep\BackEnd\BookingTicket.Application\BookingTicket.Application.csproj]
E:\DoAnTotNghiep\BackEnd\BookingTicket.Application\DTOs\Province\WardDto.cs(6,23): warning CS8618: Non-nullable property 'WardName' must contain a non-null value when exiting constructor. Consider adding the 'required' modifier or declaring the property as nullable. [E:\DoAnTotNghiep\BackEnd\BookingTicket.Application\BookingTicket.Application.csproj]
E:\DoAnTotNghiep\BackEnd\BookingTicket.Application\DTOs\Province\ProvinceDto.cs(6,23): warning CS8618: Non-nullable property 'ProvinceName' must contain a non-null value when exiting constructor. Consider adding the 'required' modifier or declaring the property as nullable. [E:\DoAnTotNghiep\BackEnd\BookingTicket.Application\BookingTicket.Application.csproj]
E:\DoAnTotNghiep\BackEnd\BookingTicket.Application\DTOs\AI\Message.cs(11,23): warning CS8618: Non-nullable property 'Content' must contain a non-null value when exiting constructor. Consider adding the 'required' modifier or declaring the property as nullable. [E:\DoAnTotNghiep\BackEnd\BookingTicket.Application\BookingTicket.Application.csproj]
E:\DoAnTotNghiep\BackEnd\BookingTicket.Application\DTOs\AI\ChatCompletionResponse.cs(11,29): warning CS8618: Non-nullable property 'Choices' must contain a non-null value when exiting constructor. Consider adding the 'required' modifier or declaring the property as nullable. [E:\DoAnTotNghiep\BackEnd\BookingTicket.Application\BookingTicket.Application.csproj]
E:\DoAnTotNghiep\BackEnd\BookingTicket.Application\DTOs\Bus\UpdateBusDTO.cs(14,23): warning CS8618: Non-nullable property 'BusName' must contain a non-null value when exiting constructor. Consider adding the 'required' modifier or declaring the property as nullable. [E:\DoAnTotNghiep\BackEnd\BookingTicket.Application\BookingTicket.Application.csproj]
E:\DoAnTotNghiep\BackEnd\BookingTicket.Application\DTOs\Bus\UpdateBusDTO.cs(20,23): warning CS8618: Non-nullable property 'PlateNumber' must contain a non-null value when exiting constructor. Consider adding the 'required' modifier or declaring the property as nullable. [E:\DoAnTotNghiep\BackEnd\BookingTicket.Application\BookingTicket.Application.csproj]
E:\DoAnTotNghiep\BackEnd\BookingTicket.Application\DTOs\Bus\BusDTO.cs(14,23): warning CS8618: Non-nullable property 'BusName' must contain a non-null value when exiting constructor. Consider adding the 'required' modifier or declaring the property as nullable. [E:\DoAnTotNghiep\BackEnd\BookingTicket.Application\BookingTicket.Application.csproj]
E:\DoAnTotNghiep\BackEnd\BookingTicket.Application\DTOs\Bus\BusDTO.cs(19,23): warning CS8618: Non-nullable property 'BusTypeName' must contain a non-null value when exiting constructor. Consider adding the 'required' modifier or declaring the property as nullable. [E:\DoAnTotNghiep\BackEnd\BookingTicket.Application\BookingTicket.Application.csproj]
E:\DoAnTotNghiep\BackEnd\BookingTicket.Application\DTOs\Bus\BusDTO.cs(22,23): warning CS8618: Non-nullable property 'PlateNumber' must contain a non-null value when exiting constructor. Consider adding the 'required' modifier or declaring the property as nullable. [E:\DoAnTotNghiep\BackEnd\BookingTicket.Application\BookingTicket.Application.csproj]
E:\DoAnTotNghiep\BackEnd\BookingTicket.Application\DTOs\Bus\BusTypeDto.cs(6,23): warning CS8618: Non-nullable property 'TypeName' must contain a non-null value when exiting constructor. Consider adding the 'required' modifier or declaring the property as nullable. [E:\DoAnTotNghiep\BackEnd\BookingTicket.Application\BookingTicket.Application.csproj]
E:\DoAnTotNghiep\BackEnd\BookingTicket.Application\DTOs\Bus\BusTypeDto.cs(8,23): warning CS8618: Non-nullable property 'Description' must contain a non-null value when exiting constructor. Consider adding the 'required' modifier or declaring the property as nullable. [E:\DoAnTotNghiep\BackEnd\BookingTicket.Application\BookingTicket.Application.csproj]
E:\DoAnTotNghiep\BackEnd\BookingTicket.Application\DTOs\AI\ChatMessageDTO.cs(11,23): warning CS8618: Non-nullable property 'Role' must contain a non-null value when exiting constructor. Consider adding the 'required' modifier or declaring the property as nullable. [E:\DoAnTotNghiep\BackEnd\BookingTicket.Application\BookingTicket.Application.csproj]
E:\DoAnTotNghiep\BackEnd\BookingTicket.Application\DTOs\AI\ChatMessageDTO.cs(12,23): warning CS8618: Non-nullable property 'Content' must contain a non-null value when exiting constructor. Consider adding the 'required' modifier or declaring the property as nullable. [E:\DoAnTotNghiep\BackEnd\BookingTicket.Application\BookingTicket.Application.csproj]
E:\DoAnTotNghiep\BackEnd\BookingTicket.Application\DTOs\Bus\BusTypeDto.cs(14,23): warning CS8618: Non-nullable property 'TypeName' must contain a non-null value when exiting constructor. Consider adding the 'required' modifier or declaring the property as nullable. [E:\DoAnTotNghiep\BackEnd\BookingTicket.Application\BookingTicket.Application.csproj]
E:\DoAnTotNghiep\BackEnd\BookingTicket.Application\DTOs\Bus\BusTypeDto.cs(16,23): warning CS8618: Non-nullable property 'Description' must contain a non-null value when exiting constructor. Consider adding the 'required' modifier or declaring the property as nullable. [E:\DoAnTotNghiep\BackEnd\BookingTicket.Application\BookingTicket.Application.csproj]
E:\DoAnTotNghiep\BackEnd\BookingTicket.Application\DTOs\AI\Choice.cs(11,24): warning CS8618: Non-nullable property 'message' must contain a non-null value when exiting constructor. Consider adding the 'required' modifier or declaring the property as nullable. [E:\DoAnTotNghiep\BackEnd\BookingTicket.Application\BookingTicket.Application.csproj]
E:\DoAnTotNghiep\BackEnd\BookingTicket.Application\DTOs\Bus\CreateBusDTO.cs(15,23): warning CS8618: Non-nullable property 'BusName' must contain a non-null value when exiting constructor. Consider adding the 'required' modifier or declaring the property as nullable. [E:\DoAnTotNghiep\BackEnd\BookingTicket.Application\BookingTicket.Application.csproj]
E:\DoAnTotNghiep\BackEnd\BookingTicket.Application\DTOs\Bus\CreateBusDTO.cs(21,23): warning CS8618: Non-nullable property 'PlateNumber' must contain a non-null value when exiting constructor. Consider adding the 'required' modifier or declaring the property as nullable. [E:\DoAnTotNghiep\BackEnd\BookingTicket.Application\BookingTicket.Application.csproj]
E:\DoAnTotNghiep\BackEnd\BookingTicket.Application\Services\EmailService.cs(31,48): warning CS8604: Possible null reference argument for parameter 'address' in 'MailAddress.MailAddress(string address, string? displayName)'. [E:\DoAnTotNghiep\BackEnd\BookingTicket.Application\BookingTicket.Application.csproj]
E:\DoAnTotNghiep\BackEnd\BookingTicket.Application\Services\VehicleService.cs(107,24): warning CS8603: Possible null reference return. [E:\DoAnTotNghiep\BackEnd\BookingTicket.Application\BookingTicket.Application.csproj]
E:\DoAnTotNghiep\BackEnd\BookingTicket.Application\Services\VehicleService.cs(118,24): warning CS8603: Possible null reference return. [E:\DoAnTotNghiep\BackEnd\BookingTicket.Application\BookingTicket.Application.csproj]
E:\DoAnTotNghiep\BackEnd\BookingTicket.Application\Services\UserService.cs(36,32): warning CS8601: Possible null reference assignment. [E:\DoAnTotNghiep\BackEnd\BookingTicket.Application\BookingTicket.Application.csproj]
E:\DoAnTotNghiep\BackEnd\BookingTicket.Application\Services\UserService.cs(37,35): warning CS8601: Possible null reference assignment. [E:\DoAnTotNghiep\BackEnd\BookingTicket.Application\BookingTicket.Application.csproj]
E:\DoAnTotNghiep\BackEnd\BookingTicket.Application\Services\UserService.cs(38,29): warning CS8601: Possible null reference assignment. [E:\DoAnTotNghiep\BackEnd\BookingTicket.Application\BookingTicket.Application.csproj]
E:\DoAnTotNghiep\BackEnd\BookingTicket.Application\Services\UserService.cs(52,38): warning CS8603: Possible null reference return. [E:\DoAnTotNghiep\BackEnd\BookingTicket.Application\BookingTicket.Application.csproj]
E:\DoAnTotNghiep\BackEnd\BookingTicket.Application\Services\UserService.cs(59,28): warning CS8601: Possible null reference assignment. [E:\DoAnTotNghiep\BackEnd\BookingTicket.Application\BookingTicket.Application.csproj]
E:\DoAnTotNghiep\BackEnd\BookingTicket.Application\Services\UserService.cs(60,31): warning CS8601: Possible null reference assignment. [E:\DoAnTotNghiep\BackEnd\BookingTicket.Application\BookingTicket.Application.csproj]
E:\DoAnTotNghiep\BackEnd\BookingTicket.Application\Services\UserService.cs(61,25): warning CS8601: Possible null reference assignment. [E:\DoAnTotNghiep\BackEnd\BookingTicket.Application\BookingTicket.Application.csproj]
E:\DoAnTotNghiep\BackEnd\BookingTicket.Application\Services\TripService.cs(202,29): warning CS8601: Possible null reference assignment. [E:\DoAnTotNghiep\BackEnd\BookingTicket.Application\BookingTicket.Application.csproj]
E:\DoAnTotNghiep\BackEnd\BookingTicket.Application\Services\TripService.cs(207,28): warning CS8601: Possible null reference assignment. [E:\DoAnTotNghiep\BackEnd\BookingTicket.Application\BookingTicket.Application.csproj]
E:\DoAnTotNghiep\BackEnd\BookingTicket.Application\Services\TripService.cs(213,39): warning CS8601: Possible null reference assignment. [E:\DoAnTotNghiep\BackEnd\BookingTicket.Application\BookingTicket.Application.csproj]
E:\DoAnTotNghiep\BackEnd\BookingTicket.Application\Services\TripService.cs(214,37): warning CS8601: Possible null reference assignment. [E:\DoAnTotNghiep\BackEnd\BookingTicket.Application\BookingTicket.Application.csproj]
  BookingTicket.Application -> E:\DoAnTotNghiep\BackEnd\BookingTicket.Application\bin\Debug\net8.0\BookingTicket.Application.dll
E:\DoAnTotNghiep\BackEnd\BookingTicket.Infrastructure\Repositories\AiRepository.cs(136,29): warning CS8618: Non-nullable property 'Choices' must contain a non-null value when exiting constructor. Consider adding the 'required' modifier or declaring the property as nullable. [E:\DoAnTotNghiep\BackEnd\BookingTicket.Infrastructure\BookingTicket.Infrastructure.csproj]
E:\DoAnTotNghiep\BackEnd\BookingTicket.Infrastructure\Repositories\AiRepository.cs(141,24): warning CS8618: Non-nullable property 'message' must contain a non-null value when exiting constructor. Consider adding the 'required' modifier or declaring the property as nullable. [E:\DoAnTotNghiep\BackEnd\BookingTicket.Infrastructure\BookingTicket.Infrastructure.csproj]
E:\DoAnTotNghiep\BackEnd\BookingTicket.Infrastructure\Repositories\AiRepository.cs(146,23): warning CS8618: Non-nullable property 'Content' must contain a non-null value when exiting constructor. Consider adding the 'required' modifier or declaring the property as nullable. [E:\DoAnTotNghiep\BackEnd\BookingTicket.Infrastructure\BookingTicket.Infrastructure.csproj]
E:\DoAnTotNghiep\BackEnd\BookingTicket.Infrastructure\Services\PayOSService.cs(53,33): warning CS1998: This async method lacks 'await' operators and will run synchronously. Consider using the 'await' operator to await non-blocking API calls, or 'await Task.Run(...)' to do CPU-bound work on a background thread. [E:\DoAnTotNghiep\BackEnd\BookingTicket.Infrastructure\BookingTicket.Infrastructure.csproj]
E:\DoAnTotNghiep\BackEnd\BookingTicket.Infrastructure\Repositories\UserTokenRepository.cs(20,20): warning CS8603: Possible null reference return. [E:\DoAnTotNghiep\BackEnd\BookingTicket.Infrastructure\BookingTicket.Infrastructure.csproj]
E:\DoAnTotNghiep\BackEnd\BookingTicket.Infrastructure\Repositories\UserRepository.cs(28,20): warning CS8603: Possible null reference return. [E:\DoAnTotNghiep\BackEnd\BookingTicket.Infrastructure\BookingTicket.Infrastructure.csproj]
E:\DoAnTotNghiep\BackEnd\BookingTicket.Infrastructure\Repositories\UserRepository.cs(58,20): warning CS8603: Possible null reference return. [E:\DoAnTotNghiep\BackEnd\BookingTicket.Infrastructure\BookingTicket.Infrastructure.csproj]
  BookingTicket.Infrastructure -> E:\DoAnTotNghiep\BackEnd\BookingTicket.Infrastructure\bin\Debug\net8.0\BookingTicket.Infrastructure.dll
C:\Program Files\dotnet\sdk\9.0.302\Microsoft.Common.CurrentVersion.targets(5094,5): warning MSB3026: Could not copy "E:\DoAnTotNghiep\BackEnd\BookingTicket.Domain\bin\Debug\net8.0\BookingTicket.Domain.dll" to "bin\Debug\net8.0\BookingTicket.Domain.dll". Beginning retry 1 in 1000ms. The process cannot access the file 'E:\DoAnTotNghiep\BackEnd\BookingTicket.API\bin\Debug\net8.0\BookingTicket.Domain.dll' because it is being used by another process. The file is locked by: "BookingTicket.API (19712)" [E:\DoAnTotNghiep\BackEnd\BookingTicket.API\BookingTicket.API.csproj]
C:\Program Files\dotnet\sdk\9.0.302\Microsoft.Common.CurrentVersion.targets(5094,5): warning MSB3026: Could not copy "E:\DoAnTotNghiep\BackEnd\BookingTicket.Application\bin\Debug\net8.0\BookingTicket.Application.dll" to "bin\Debug\net8.0\BookingTicket.Application.dll". Beginning retry 1 in 1000ms. The process cannot access the file 'E:\DoAnTotNghiep\BackEnd\BookingTicket.API\bin\Debug\net8.0\BookingTicket.Application.dll' because it is being used by another process. The file is locked by: "Microsoft Visual Studio 2022 (29544), BookingTicket.API (19712)" [E:\DoAnTotNghiep\BackEnd\BookingTicket.API\BookingTicket.API.csproj]
C:\Program Files\dotnet\sdk\9.0.302\Microsoft.Common.CurrentVersion.targets(5094,5): warning MSB3026: Could not copy "E:\DoAnTotNghiep\BackEnd\BookingTicket.Infrastructure\bin\Debug\net8.0\BookingTicket.Infrastructure.dll" to "bin\Debug\net8.0\BookingTicket.Infrastructure.dll". Beginning retry 1 in 1000ms. The process cannot access the file 'E:\DoAnTotNghiep\BackEnd\BookingTicket.API\bin\Debug\net8.0\BookingTicket.Infrastructure.dll' because it is being used by another process. The file is locked by: "Microsoft Visual Studio 2022 (29544), BookingTicket.API (19712)" [E:\DoAnTotNghiep\BackEnd\BookingTicket.API\BookingTicket.API.csproj]
C:\Program Files\dotnet\sdk\9.0.302\Microsoft.Common.CurrentVersion.targets(5094,5): warning MSB3026: Could not copy "E:\DoAnTotNghiep\BackEnd\BookingTicket.Domain\bin\Debug\net8.0\BookingTicket.Domain.dll" to "bin\Debug\net8.0\BookingTicket.Domain.dll". Beginning retry 2 in 1000ms. The process cannot access the file 'E:\DoAnTotNghiep\BackEnd\BookingTicket.API\bin\Debug\net8.0\BookingTicket.Domain.dll' because it is being used by another process. The file is locked by: "BookingTicket.API (19712)" [E:\DoAnTotNghiep\BackEnd\BookingTicket.API\BookingTicket.API.csproj]
C:\Program Files\dotnet\sdk\9.0.302\Microsoft.Common.CurrentVersion.targets(5094,5): warning MSB3026: Could not copy "E:\DoAnTotNghiep\BackEnd\BookingTicket.Infrastructure\bin\Debug\net8.0\BookingTicket.Infrastructure.dll" to "bin\Debug\net8.0\BookingTicket.Infrastructure.dll". Beginning retry 2 in 1000ms. The process cannot access the file 'E:\DoAnTotNghiep\BackEnd\BookingTicket.API\bin\Debug\net8.0\BookingTicket.Infrastructure.dll' because it is being used by another process. The file is locked by: "Microsoft Visual Studio 2022 (29544), BookingTicket.API (19712)" [E:\DoAnTotNghiep\BackEnd\BookingTicket.API\BookingTicket.API.csproj]
C:\Program Files\dotnet\sdk\9.0.302\Microsoft.Common.CurrentVersion.targets(5094,5): warning MSB3026: Could not copy "E:\DoAnTotNghiep\BackEnd\BookingTicket.Application\bin\Debug\net8.0\BookingTicket.Application.dll" to "bin\Debug\net8.0\BookingTicket.Application.dll". Beginning retry 2 in 1000ms. The process cannot access the file 'E:\DoAnTotNghiep\BackEnd\BookingTicket.API\bin\Debug\net8.0\BookingTicket.Application.dll' because it is being used by another process. The file is locked by: "Microsoft Visual Studio 2022 (29544), BookingTicket.API (19712)" [E:\DoAnTotNghiep\BackEnd\BookingTicket.API\BookingTicket.API.csproj]
C:\Program Files\dotnet\sdk\9.0.302\Microsoft.Common.CurrentVersion.targets(5094,5): warning MSB3026: Could not copy "E:\DoAnTotNghiep\BackEnd\BookingTicket.Domain\bin\Debug\net8.0\BookingTicket.Domain.dll" to "bin\Debug\net8.0\BookingTicket.Domain.dll". Beginning retry 3 in 1000ms. The process cannot access the file 'E:\DoAnTotNghiep\BackEnd\BookingTicket.API\bin\Debug\net8.0\BookingTicket.Domain.dll' because it is being used by another process. The file is locked by: "BookingTicket.API (19712)" [E:\DoAnTotNghiep\BackEnd\BookingTicket.API\BookingTicket.API.csproj]
C:\Program Files\dotnet\sdk\9.0.302\Microsoft.Common.CurrentVersion.targets(5094,5): warning MSB3026: Could not copy "E:\DoAnTotNghiep\BackEnd\BookingTicket.Application\bin\Debug\net8.0\BookingTicket.Application.dll" to "bin\Debug\net8.0\BookingTicket.Application.dll". Beginning retry 3 in 1000ms. The process cannot access the file 'E:\DoAnTotNghiep\BackEnd\BookingTicket.API\bin\Debug\net8.0\BookingTicket.Application.dll' because it is being used by another process. The file is locked by: "Microsoft Visual Studio 2022 (29544), BookingTicket.API (19712)" [E:\DoAnTotNghiep\BackEnd\BookingTicket.API\BookingTicket.API.csproj]
C:\Program Files\dotnet\sdk\9.0.302\Microsoft.Common.CurrentVersion.targets(5094,5): warning MSB3026: Could not copy "E:\DoAnTotNghiep\BackEnd\BookingTicket.Infrastructure\bin\Debug\net8.0\BookingTicket.Infrastructure.dll" to "bin\Debug\net8.0\BookingTicket.Infrastructure.dll". Beginning retry 3 in 1000ms. The process cannot access the file 'E:\DoAnTotNghiep\BackEnd\BookingTicket.API\bin\Debug\net8.0\BookingTicket.Infrastructure.dll' because it is being used by another process. The file is locked by: "Microsoft Visual Studio 2022 (29544), BookingTicket.API (19712)" [E:\DoAnTotNghiep\BackEnd\BookingTicket.API\BookingTicket.API.csproj]
C:\Program Files\dotnet\sdk\9.0.302\Microsoft.Common.CurrentVersion.targets(5094,5): warning MSB3026: Could not copy "E:\DoAnTotNghiep\BackEnd\BookingTicket.Domain\bin\Debug\net8.0\BookingTicket.Domain.dll" to "bin\Debug\net8.0\BookingTicket.Domain.dll". Beginning retry 4 in 1000ms. The process cannot access the file 'E:\DoAnTotNghiep\BackEnd\BookingTicket.API\bin\Debug\net8.0\BookingTicket.Domain.dll' because it is being used by another process. The file is locked by: "BookingTicket.API (19712)" [E:\DoAnTotNghiep\BackEnd\BookingTicket.API\BookingTicket.API.csproj]
C:\Program Files\dotnet\sdk\9.0.302\Microsoft.Common.CurrentVersion.targets(5094,5): warning MSB3026: Could not copy "E:\DoAnTotNghiep\BackEnd\BookingTicket.Infrastructure\bin\Debug\net8.0\BookingTicket.Infrastructure.dll" to "bin\Debug\net8.0\BookingTicket.Infrastructure.dll". Beginning retry 4 in 1000ms. The process cannot access the file 'E:\DoAnTotNghiep\BackEnd\BookingTicket.API\bin\Debug\net8.0\BookingTicket.Infrastructure.dll' because it is being used by another process. The file is locked by: "Microsoft Visual Studio 2022 (29544), BookingTicket.API (19712)" [E:\DoAnTotNghiep\BackEnd\BookingTicket.API\BookingTicket.API.csproj]
C:\Program Files\dotnet\sdk\9.0.302\Microsoft.Common.CurrentVersion.targets(5094,5): warning MSB3026: Could not copy "E:\DoAnTotNghiep\BackEnd\BookingTicket.Application\bin\Debug\net8.0\BookingTicket.Application.dll" to "bin\Debug\net8.0\BookingTicket.Application.dll". Beginning retry 4 in 1000ms. The process cannot access the file 'E:\DoAnTotNghiep\BackEnd\BookingTicket.API\bin\Debug\net8.0\BookingTicket.Application.dll' because it is being used by another process. The file is locked by: "Microsoft Visual Studio 2022 (29544), BookingTicket.API (19712)" [E:\DoAnTotNghiep\BackEnd\BookingTicket.API\BookingTicket.API.csproj]
C:\Program Files\dotnet\sdk\9.0.302\Microsoft.Common.CurrentVersion.targets(5094,5): warning MSB3026: Could not copy "E:\DoAnTotNghiep\BackEnd\BookingTicket.Domain\bin\Debug\net8.0\BookingTicket.Domain.dll" to "bin\Debug\net8.0\BookingTicket.Domain.dll". Beginning retry 5 in 1000ms. The process cannot access the file 'E:\DoAnTotNghiep\BackEnd\BookingTicket.API\bin\Debug\net8.0\BookingTicket.Domain.dll' because it is being used by another process. The file is locked by: "BookingTicket.API (19712)" [E:\DoAnTotNghiep\BackEnd\BookingTicket.API\BookingTicket.API.csproj]
C:\Program Files\dotnet\sdk\9.0.302\Microsoft.Common.CurrentVersion.targets(5094,5): warning MSB3026: Could not copy "E:\DoAnTotNghiep\BackEnd\BookingTicket.Application\bin\Debug\net8.0\BookingTicket.Application.dll" to "bin\Debug\net8.0\BookingTicket.Application.dll". Beginning retry 5 in 1000ms. The process cannot access the file 'E:\DoAnTotNghiep\BackEnd\BookingTicket.API\bin\Debug\net8.0\BookingTicket.Application.dll' because it is being used by another process. The file is locked by: "Microsoft Visual Studio 2022 (29544), BookingTicket.API (19712)" [E:\DoAnTotNghiep\BackEnd\BookingTicket.API\BookingTicket.API.csproj]
C:\Program Files\dotnet\sdk\9.0.302\Microsoft.Common.CurrentVersion.targets(5094,5): warning MSB3026: Could not copy "E:\DoAnTotNghiep\BackEnd\BookingTicket.Infrastructure\bin\Debug\net8.0\BookingTicket.Infrastructure.dll" to "bin\Debug\net8.0\BookingTicket.Infrastructure.dll". Beginning retry 5 in 1000ms. The process cannot access the file 'E:\DoAnTotNghiep\BackEnd\BookingTicket.API\bin\Debug\net8.0\BookingTicket.Infrastructure.dll' because it is being used by another process. The file is locked by: "Microsoft Visual Studio 2022 (29544), BookingTicket.API (19712)" [E:\DoAnTotNghiep\BackEnd\BookingTicket.API\BookingTicket.API.csproj]
C:\Program Files\dotnet\sdk\9.0.302\Microsoft.Common.CurrentVersion.targets(5094,5): warning MSB3026: Could not copy "E:\DoAnTotNghiep\BackEnd\BookingTicket.Domain\bin\Debug\net8.0\BookingTicket.Domain.dll" to "bin\Debug\net8.0\BookingTicket.Domain.dll". Beginning retry 6 in 1000ms. The process cannot access the file 'E:\DoAnTotNghiep\BackEnd\BookingTicket.API\bin\Debug\net8.0\BookingTicket.Domain.dll' because it is being used by another process. The file is locked by: "BookingTicket.API (19712)" [E:\DoAnTotNghiep\BackEnd\BookingTicket.API\BookingTicket.API.csproj]
C:\Program Files\dotnet\sdk\9.0.302\Microsoft.Common.CurrentVersion.targets(5094,5): warning MSB3026: Could not copy "E:\DoAnTotNghiep\BackEnd\BookingTicket.Application\bin\Debug\net8.0\BookingTicket.Application.dll" to "bin\Debug\net8.0\BookingTicket.Application.dll". Beginning retry 6 in 1000ms. The process cannot access the file 'E:\DoAnTotNghiep\BackEnd\BookingTicket.API\bin\Debug\net8.0\BookingTicket.Application.dll' because it is being used by another process. The file is locked by: "Microsoft Visual Studio 2022 (29544), BookingTicket.API (19712)" [E:\DoAnTotNghiep\BackEnd\BookingTicket.API\BookingTicket.API.csproj]
C:\Program Files\dotnet\sdk\9.0.302\Microsoft.Common.CurrentVersion.targets(5094,5): warning MSB3026: Could not copy "E:\DoAnTotNghiep\BackEnd\BookingTicket.Infrastructure\bin\Debug\net8.0\BookingTicket.Infrastructure.dll" to "bin\Debug\net8.0\BookingTicket.Infrastructure.dll". Beginning retry 6 in 1000ms. The process cannot access the file 'E:\DoAnTotNghiep\BackEnd\BookingTicket.API\bin\Debug\net8.0\BookingTicket.Infrastructure.dll' because it is being used by another process. The file is locked by: "Microsoft Visual Studio 2022 (29544), BookingTicket.API (19712)" [E:\DoAnTotNghiep\BackEnd\BookingTicket.API\BookingTicket.API.csproj]
C:\Program Files\dotnet\sdk\9.0.302\Microsoft.Common.CurrentVersion.targets(5094,5): warning MSB3026: Could not copy "E:\DoAnTotNghiep\BackEnd\BookingTicket.Domain\bin\Debug\net8.0\BookingTicket.Domain.dll" to "bin\Debug\net8.0\BookingTicket.Domain.dll". Beginning retry 7 in 1000ms. The process cannot access the file 'E:\DoAnTotNghiep\BackEnd\BookingTicket.API\bin\Debug\net8.0\BookingTicket.Domain.dll' because it is being used by another process. The file is locked by: "BookingTicket.API (19712)" [E:\DoAnTotNghiep\BackEnd\BookingTicket.API\BookingTicket.API.csproj]
C:\Program Files\dotnet\sdk\9.0.302\Microsoft.Common.CurrentVersion.targets(5094,5): warning MSB3026: Could not copy "E:\DoAnTotNghiep\BackEnd\BookingTicket.Application\bin\Debug\net8.0\BookingTicket.Application.dll" to "bin\Debug\net8.0\BookingTicket.Application.dll". Beginning retry 7 in 1000ms. The process cannot access the file 'E:\DoAnTotNghiep\BackEnd\BookingTicket.API\bin\Debug\net8.0\BookingTicket.Application.dll' because it is being used by another process. The file is locked by: "Microsoft Visual Studio 2022 (29544), BookingTicket.API (19712)" [E:\DoAnTotNghiep\BackEnd\BookingTicket.API\BookingTicket.API.csproj]
C:\Program Files\dotnet\sdk\9.0.302\Microsoft.Common.CurrentVersion.targets(5094,5): warning MSB3026: Could not copy "E:\DoAnTotNghiep\BackEnd\BookingTicket.Infrastructure\bin\Debug\net8.0\BookingTicket.Infrastructure.dll" to "bin\Debug\net8.0\BookingTicket.Infrastructure.dll". Beginning retry 7 in 1000ms. The process cannot access the file 'E:\DoAnTotNghiep\BackEnd\BookingTicket.API\bin\Debug\net8.0\BookingTicket.Infrastructure.dll' because it is being used by another process. The file is locked by: "Microsoft Visual Studio 2022 (29544), BookingTicket.API (19712)" [E:\DoAnTotNghiep\BackEnd\BookingTicket.API\BookingTicket.API.csproj]
C:\Program Files\dotnet\sdk\9.0.302\Microsoft.Common.CurrentVersion.targets(5094,5): warning MSB3026: Could not copy "E:\DoAnTotNghiep\BackEnd\BookingTicket.Domain\bin\Debug\net8.0\BookingTicket.Domain.dll" to "bin\Debug\net8.0\BookingTicket.Domain.dll". Beginning retry 8 in 1000ms. The process cannot access the file 'E:\DoAnTotNghiep\BackEnd\BookingTicket.API\bin\Debug\net8.0\BookingTicket.Domain.dll' because it is being used by another process. The file is locked by: "BookingTicket.API (19712)" [E:\DoAnTotNghiep\BackEnd\BookingTicket.API\BookingTicket.API.csproj]
C:\Program Files\dotnet\sdk\9.0.302\Microsoft.Common.CurrentVersion.targets(5094,5): warning MSB3026: Could not copy "E:\DoAnTotNghiep\BackEnd\BookingTicket.Application\bin\Debug\net8.0\BookingTicket.Application.dll" to "bin\Debug\net8.0\BookingTicket.Application.dll". Beginning retry 8 in 1000ms. The process cannot access the file 'E:\DoAnTotNghiep\BackEnd\BookingTicket.API\bin\Debug\net8.0\BookingTicket.Application.dll' because it is being used by another process. The file is locked by: "Microsoft Visual Studio 2022 (29544), BookingTicket.API (19712)" [E:\DoAnTotNghiep\BackEnd\BookingTicket.API\BookingTicket.API.csproj]
C:\Program Files\dotnet\sdk\9.0.302\Microsoft.Common.CurrentVersion.targets(5094,5): warning MSB3026: Could not copy "E:\DoAnTotNghiep\BackEnd\BookingTicket.Infrastructure\bin\Debug\net8.0\BookingTicket.Infrastructure.dll" to "bin\Debug\net8.0\BookingTicket.Infrastructure.dll". Beginning retry 8 in 1000ms. The process cannot access the file 'E:\DoAnTotNghiep\BackEnd\BookingTicket.API\bin\Debug\net8.0\BookingTicket.Infrastructure.dll' because it is being used by another process. The file is locked by: "Microsoft Visual Studio 2022 (29544), BookingTicket.API (19712)" [E:\DoAnTotNghiep\BackEnd\BookingTicket.API\BookingTicket.API.csproj]
C:\Program Files\dotnet\sdk\9.0.302\Microsoft.Common.CurrentVersion.targets(5094,5): warning MSB3026: Could not copy "E:\DoAnTotNghiep\BackEnd\BookingTicket.Domain\bin\Debug\net8.0\BookingTicket.Domain.dll" to "bin\Debug\net8.0\BookingTicket.Domain.dll". Beginning retry 9 in 1000ms. The process cannot access the file 'E:\DoAnTotNghiep\BackEnd\BookingTicket.API\bin\Debug\net8.0\BookingTicket.Domain.dll' because it is being used by another process. The file is locked by: "BookingTicket.API (19712)" [E:\DoAnTotNghiep\BackEnd\BookingTicket.API\BookingTicket.API.csproj]
C:\Program Files\dotnet\sdk\9.0.302\Microsoft.Common.CurrentVersion.targets(5094,5): warning MSB3026: Could not copy "E:\DoAnTotNghiep\BackEnd\BookingTicket.Application\bin\Debug\net8.0\BookingTicket.Application.dll" to "bin\Debug\net8.0\BookingTicket.Application.dll". Beginning retry 9 in 1000ms. The process cannot access the file 'E:\DoAnTotNghiep\BackEnd\BookingTicket.API\bin\Debug\net8.0\BookingTicket.Application.dll' because it is being used by another process. The file is locked by: "Microsoft Visual Studio 2022 (29544), BookingTicket.API (19712)" [E:\DoAnTotNghiep\BackEnd\BookingTicket.API\BookingTicket.API.csproj]
C:\Program Files\dotnet\sdk\9.0.302\Microsoft.Common.CurrentVersion.targets(5094,5): warning MSB3026: Could not copy "E:\DoAnTotNghiep\BackEnd\BookingTicket.Infrastructure\bin\Debug\net8.0\BookingTicket.Infrastructure.dll" to "bin\Debug\net8.0\BookingTicket.Infrastructure.dll". Beginning retry 9 in 1000ms. The process cannot access the file 'E:\DoAnTotNghiep\BackEnd\BookingTicket.API\bin\Debug\net8.0\BookingTicket.Infrastructure.dll' because it is being used by another process. The file is locked by: "Microsoft Visual Studio 2022 (29544), BookingTicket.API (19712)" [E:\DoAnTotNghiep\BackEnd\BookingTicket.API\BookingTicket.API.csproj]
C:\Program Files\dotnet\sdk\9.0.302\Microsoft.Common.CurrentVersion.targets(5094,5): warning MSB3026: Could not copy "E:\DoAnTotNghiep\BackEnd\BookingTicket.Domain\bin\Debug\net8.0\BookingTicket.Domain.dll" to "bin\Debug\net8.0\BookingTicket.Domain.dll". Beginning retry 10 in 1000ms. The process cannot access the file 'E:\DoAnTotNghiep\BackEnd\BookingTicket.API\bin\Debug\net8.0\BookingTicket.Domain.dll' because it is being used by another process. The file is locked by: "BookingTicket.API (19712)" [E:\DoAnTotNghiep\BackEnd\BookingTicket.API\BookingTicket.API.csproj]
C:\Program Files\dotnet\sdk\9.0.302\Microsoft.Common.CurrentVersion.targets(5094,5): warning MSB3026: Could not copy "E:\DoAnTotNghiep\BackEnd\BookingTicket.Application\bin\Debug\net8.0\BookingTicket.Application.dll" to "bin\Debug\net8.0\BookingTicket.Application.dll". Beginning retry 10 in 1000ms. The process cannot access the file 'E:\DoAnTotNghiep\BackEnd\BookingTicket.API\bin\Debug\net8.0\BookingTicket.Application.dll' because it is being used by another process. The file is locked by: "Microsoft Visual Studio 2022 (29544), BookingTicket.API (19712)" [E:\DoAnTotNghiep\BackEnd\BookingTicket.API\BookingTicket.API.csproj]
C:\Program Files\dotnet\sdk\9.0.302\Microsoft.Common.CurrentVersion.targets(5094,5): warning MSB3026: Could not copy "E:\DoAnTotNghiep\BackEnd\BookingTicket.Infrastructure\bin\Debug\net8.0\BookingTicket.Infrastructure.dll" to "bin\Debug\net8.0\BookingTicket.Infrastructure.dll". Beginning retry 10 in 1000ms. The process cannot access the file 'E:\DoAnTotNghiep\BackEnd\BookingTicket.API\bin\Debug\net8.0\BookingTicket.Infrastructure.dll' because it is being used by another process. The file is locked by: "Microsoft Visual Studio 2022 (29544), BookingTicket.API (19712)" [E:\DoAnTotNghiep\BackEnd\BookingTicket.API\BookingTicket.API.csproj]
C:\Program Files\dotnet\sdk\9.0.302\Microsoft.Common.CurrentVersion.targets(5094,5): error MSB3027: Could not copy "E:\DoAnTotNghiep\BackEnd\BookingTicket.Domain\bin\Debug\net8.0\BookingTicket.Domain.dll" to "bin\Debug\net8.0\BookingTicket.Domain.dll". Exceeded retry count of 10. Failed. The file is locked by: "BookingTicket.API (19712)" [E:\DoAnTotNghiep\BackEnd\BookingTicket.API\BookingTicket.API.csproj]
C:\Program Files\dotnet\sdk\9.0.302\Microsoft.Common.CurrentVersion.targets(5094,5): error MSB3021: Unable to copy file "E:\DoAnTotNghiep\BackEnd\BookingTicket.Domain\bin\Debug\net8.0\BookingTicket.Domain.dll" to "bin\Debug\net8.0\BookingTicket.Domain.dll". The process cannot access the file 'E:\DoAnTotNghiep\BackEnd\BookingTicket.API\bin\Debug\net8.0\BookingTicket.Domain.dll' because it is being used by another process. [E:\DoAnTotNghiep\BackEnd\BookingTicket.API\BookingTicket.API.csproj]
C:\Program Files\dotnet\sdk\9.0.302\Microsoft.Common.CurrentVersion.targets(5094,5): error MSB3027: Could not copy "E:\DoAnTotNghiep\BackEnd\BookingTicket.Infrastructure\bin\Debug\net8.0\BookingTicket.Infrastructure.dll" to "bin\Debug\net8.0\BookingTicket.Infrastructure.dll". Exceeded retry count of 10. Failed. The file is locked by: "Microsoft Visual Studio 2022 (29544), BookingTicket.API (19712)" [E:\DoAnTotNghiep\BackEnd\BookingTicket.API\BookingTicket.API.csproj]
C:\Program Files\dotnet\sdk\9.0.302\Microsoft.Common.CurrentVersion.targets(5094,5): error MSB3021: Unable to copy file "E:\DoAnTotNghiep\BackEnd\BookingTicket.Infrastructure\bin\Debug\net8.0\BookingTicket.Infrastructure.dll" to "bin\Debug\net8.0\BookingTicket.Infrastructure.dll". The process cannot access the file 'E:\DoAnTotNghiep\BackEnd\BookingTicket.API\bin\Debug\net8.0\BookingTicket.Infrastructure.dll' because it is being used by another process. [E:\DoAnTotNghiep\BackEnd\BookingTicket.API\BookingTicket.API.csproj]
C:\Program Files\dotnet\sdk\9.0.302\Microsoft.Common.CurrentVersion.targets(5094,5): error MSB3027: Could not copy "E:\DoAnTotNghiep\BackEnd\BookingTicket.Application\bin\Debug\net8.0\BookingTicket.Application.dll" to "bin\Debug\net8.0\BookingTicket.Application.dll". Exceeded retry count of 10. Failed. The file is locked by: "Microsoft Visual Studio 2022 (29544), BookingTicket.API (19712)" [E:\DoAnTotNghiep\BackEnd\BookingTicket.API\BookingTicket.API.csproj]
C:\Program Files\dotnet\sdk\9.0.302\Microsoft.Common.CurrentVersion.targets(5094,5): error MSB3021: Unable to copy file "E:\DoAnTotNghiep\BackEnd\BookingTicket.Application\bin\Debug\net8.0\BookingTicket.Application.dll" to "bin\Debug\net8.0\BookingTicket.Application.dll". The process cannot access the file 'E:\DoAnTotNghiep\BackEnd\BookingTicket.API\bin\Debug\net8.0\BookingTicket.Application.dll' because it is being used by another process. [E:\DoAnTotNghiep\BackEnd\BookingTicket.API\BookingTicket.API.csproj]

Build FAILED.

C:\Program Files\dotnet\sdk\9.0.302\Microsoft.Common.CurrentVersion.targets(5933,5): warning MSB3061: Unable to delete file "E:\DoAnTotNghiep\BackEnd\BookingTicket.API\bin\Debug\net8.0\BookingTicket.API.exe". Access to the path 'E:\DoAnTotNghiep\BackEnd\BookingTicket.API\bin\Debug\net8.0\BookingTicket.API.exe' is denied. The file is locked by: "BookingTicket.API (19712)" [E:\DoAnTotNghiep\BackEnd\BookingTicket.API\BookingTicket.API.csproj]
C:\Program Files\dotnet\sdk\9.0.302\Microsoft.Common.CurrentVersion.targets(5933,5): warning MSB3061: Unable to delete file "E:\DoAnTotNghiep\BackEnd\BookingTicket.API\bin\Debug\net8.0\BookingTicket.API.dll". Access to the path 'E:\DoAnTotNghiep\BackEnd\BookingTicket.API\bin\Debug\net8.0\BookingTicket.API.dll' is denied. The file is locked by: "Microsoft Visual Studio 2022 (29544), BookingTicket.API (19712)" [E:\DoAnTotNghiep\BackEnd\BookingTicket.API\BookingTicket.API.csproj]
C:\Program Files\dotnet\sdk\9.0.302\Microsoft.Common.CurrentVersion.targets(5933,5): warning MSB3061: Unable to delete file "E:\DoAnTotNghiep\BackEnd\BookingTicket.API\bin\Debug\net8.0\AutoMapper.dll". Access to the path 'E:\DoAnTotNghiep\BackEnd\BookingTicket.API\bin\Debug\net8.0\AutoMapper.dll' is denied. The file is locked by: "Microsoft Visual Studio 2022 (29544), BookingTicket.API (19712)" [E:\DoAnTotNghiep\BackEnd\BookingTicket.API\BookingTicket.API.csproj]
C:\Program Files\dotnet\sdk\9.0.302\Microsoft.Common.CurrentVersion.targets(5933,5): warning MSB3061: Unable to delete file "E:\DoAnTotNghiep\BackEnd\BookingTicket.API\bin\Debug\net8.0\AutoMapper.Extensions.Microsoft.DependencyInjection.dll". Access to the path 'E:\DoAnTotNghiep\BackEnd\BookingTicket.API\bin\Debug\net8.0\AutoMapper.Extensions.Microsoft.DependencyInjection.dll' is denied. The file is locked by: "BookingTicket.API (19712)" [E:\DoAnTotNghiep\BackEnd\BookingTicket.API\BookingTicket.API.csproj]
C:\Program Files\dotnet\sdk\9.0.302\Microsoft.Common.CurrentVersion.targets(5933,5): warning MSB3061: Unable to delete file "E:\DoAnTotNghiep\BackEnd\BookingTicket.API\bin\Debug\net8.0\FluentValidation.dll". Access to the path 'E:\DoAnTotNghiep\BackEnd\BookingTicket.API\bin\Debug\net8.0\FluentValidation.dll' is denied. The file is locked by: "Microsoft Visual Studio 2022 (29544), BookingTicket.API (19712)" [E:\DoAnTotNghiep\BackEnd\BookingTicket.API\BookingTicket.API.csproj]
C:\Program Files\dotnet\sdk\9.0.302\Microsoft.Common.CurrentVersion.targets(5933,5): warning MSB3061: Unable to delete file "E:\DoAnTotNghiep\BackEnd\BookingTicket.API\bin\Debug\net8.0\FluentValidation.AspNetCore.dll". Access to the path 'E:\DoAnTotNghiep\BackEnd\BookingTicket.API\bin\Debug\net8.0\FluentValidation.AspNetCore.dll' is denied. The file is locked by: "Microsoft Visual Studio 2022 (29544), BookingTicket.API (19712)" [E:\DoAnTotNghiep\BackEnd\BookingTicket.API\BookingTicket.API.csproj]
C:\Program Files\dotnet\sdk\9.0.302\Microsoft.Common.CurrentVersion.targets(5933,5): warning MSB3061: Unable to delete file "E:\DoAnTotNghiep\BackEnd\BookingTicket.API\bin\Debug\net8.0\Microsoft.AspNetCore.Cryptography.Internal.dll". Access to the path 'E:\DoAnTotNghiep\BackEnd\BookingTicket.API\bin\Debug\net8.0\Microsoft.AspNetCore.Cryptography.Internal.dll' is denied. The file is locked by: "BookingTicket.API (19712)" [E:\DoAnTotNghiep\BackEnd\BookingTicket.API\BookingTicket.API.csproj]
C:\Program Files\dotnet\sdk\9.0.302\Microsoft.Common.CurrentVersion.targets(5933,5): warning MSB3061: Unable to delete file "E:\DoAnTotNghiep\BackEnd\BookingTicket.API\bin\Debug\net8.0\Microsoft.AspNetCore.Cryptography.KeyDerivation.dll". Access to the path 'E:\DoAnTotNghiep\BackEnd\BookingTicket.API\bin\Debug\net8.0\Microsoft.AspNetCore.Cryptography.KeyDerivation.dll' is denied. The file is locked by: "BookingTicket.API (19712)" [E:\DoAnTotNghiep\BackEnd\BookingTicket.API\BookingTicket.API.csproj]
C:\Program Files\dotnet\sdk\9.0.302\Microsoft.Common.CurrentVersion.targets(5933,5): warning MSB3061: Unable to delete file "E:\DoAnTotNghiep\BackEnd\BookingTicket.API\bin\Debug\net8.0\Microsoft.AspNetCore.Identity.EntityFrameworkCore.dll". Access to the path 'E:\DoAnTotNghiep\BackEnd\BookingTicket.API\bin\Debug\net8.0\Microsoft.AspNetCore.Identity.EntityFrameworkCore.dll' is denied. The file is locked by: "Microsoft Visual Studio 2022 (29544), BookingTicket.API (19712)" [E:\DoAnTotNghiep\BackEnd\BookingTicket.API\BookingTicket.API.csproj]
C:\Program Files\dotnet\sdk\9.0.302\Microsoft.Common.CurrentVersion.targets(5933,5): warning MSB3061: Unable to delete file "E:\DoAnTotNghiep\BackEnd\BookingTicket.API\bin\Debug\net8.0\Microsoft.EntityFrameworkCore.dll". Access to the path 'E:\DoAnTotNghiep\BackEnd\BookingTicket.API\bin\Debug\net8.0\Microsoft.EntityFrameworkCore.dll' is denied. The file is locked by: "Microsoft Visual Studio 2022 (29544), BookingTicket.API (19712)" [E:\DoAnTotNghiep\BackEnd\BookingTicket.API\BookingTicket.API.csproj]
C:\Program Files\dotnet\sdk\9.0.302\Microsoft.Common.CurrentVersion.targets(5933,5): warning MSB3061: Unable to delete file "E:\DoAnTotNghiep\BackEnd\BookingTicket.API\bin\Debug\net8.0\Microsoft.EntityFrameworkCore.Abstractions.dll". Access to the path 'E:\DoAnTotNghiep\BackEnd\BookingTicket.API\bin\Debug\net8.0\Microsoft.EntityFrameworkCore.Abstractions.dll' is denied. The file is locked by: "BookingTicket.API (19712)" [E:\DoAnTotNghiep\BackEnd\BookingTicket.API\BookingTicket.API.csproj]
C:\Program Files\dotnet\sdk\9.0.302\Microsoft.Common.CurrentVersion.targets(5933,5): warning MSB3061: Unable to delete file "E:\DoAnTotNghiep\BackEnd\BookingTicket.API\bin\Debug\net8.0\Microsoft.EntityFrameworkCore.Relational.dll". Access to the path 'E:\DoAnTotNghiep\BackEnd\BookingTicket.API\bin\Debug\net8.0\Microsoft.EntityFrameworkCore.Relational.dll' is denied. The file is locked by: "Microsoft Visual Studio 2022 (29544), BookingTicket.API (19712)" [E:\DoAnTotNghiep\BackEnd\BookingTicket.API\BookingTicket.API.csproj]
C:\Program Files\dotnet\sdk\9.0.302\Microsoft.Common.CurrentVersion.targets(5933,5): warning MSB3061: Unable to delete file "E:\DoAnTotNghiep\BackEnd\BookingTicket.API\bin\Debug\net8.0\Microsoft.EntityFrameworkCore.SqlServer.dll". Access to the path 'E:\DoAnTotNghiep\BackEnd\BookingTicket.API\bin\Debug\net8.0\Microsoft.EntityFrameworkCore.SqlServer.dll' is denied. The file is locked by: "Microsoft Visual Studio 2022 (29544), BookingTicket.API (19712)" [E:\DoAnTotNghiep\BackEnd\BookingTicket.API\BookingTicket.API.csproj]
C:\Program Files\dotnet\sdk\9.0.302\Microsoft.Common.CurrentVersion.targets(5933,5): warning MSB3061: Unable to delete file "E:\DoAnTotNghiep\BackEnd\BookingTicket.API\bin\Debug\net8.0\Microsoft.Extensions.Caching.Abstractions.dll". Access to the path 'E:\DoAnTotNghiep\BackEnd\BookingTicket.API\bin\Debug\net8.0\Microsoft.Extensions.Caching.Abstractions.dll' is denied. The file is locked by: "BookingTicket.API (19712)" [E:\DoAnTotNghiep\BackEnd\BookingTicket.API\BookingTicket.API.csproj]
C:\Program Files\dotnet\sdk\9.0.302\Microsoft.Common.CurrentVersion.targets(5933,5): warning MSB3061: Unable to delete file "E:\DoAnTotNghiep\BackEnd\BookingTicket.API\bin\Debug\net8.0\Microsoft.Extensions.Configuration.dll". Access to the path 'E:\DoAnTotNghiep\BackEnd\BookingTicket.API\bin\Debug\net8.0\Microsoft.Extensions.Configuration.dll' is denied. The file is locked by: "BookingTicket.API (19712)" [E:\DoAnTotNghiep\BackEnd\BookingTicket.API\BookingTicket.API.csproj]
C:\Program Files\dotnet\sdk\9.0.302\Microsoft.Common.CurrentVersion.targets(5933,5): warning MSB3061: Unable to delete file "E:\DoAnTotNghiep\BackEnd\BookingTicket.API\bin\Debug\net8.0\Microsoft.Extensions.Configuration.Abstractions.dll". Access to the path 'E:\DoAnTotNghiep\BackEnd\BookingTicket.API\bin\Debug\net8.0\Microsoft.Extensions.Configuration.Abstractions.dll' is denied. The file is locked by: "BookingTicket.API (19712)" [E:\DoAnTotNghiep\BackEnd\BookingTicket.API\BookingTicket.API.csproj]
C:\Program Files\dotnet\sdk\9.0.302\Microsoft.Common.CurrentVersion.targets(5933,5): warning MSB3061: Unable to delete file "E:\DoAnTotNghiep\BackEnd\BookingTicket.API\bin\Debug\net8.0\Microsoft.Extensions.Configuration.Binder.dll". Access to the path 'E:\DoAnTotNghiep\BackEnd\BookingTicket.API\bin\Debug\net8.0\Microsoft.Extensions.Configuration.Binder.dll' is denied. The file is locked by: "BookingTicket.API (19712)" [E:\DoAnTotNghiep\BackEnd\BookingTicket.API\BookingTicket.API.csproj]
C:\Program Files\dotnet\sdk\9.0.302\Microsoft.Common.CurrentVersion.targets(5933,5): warning MSB3061: Unable to delete file "E:\DoAnTotNghiep\BackEnd\BookingTicket.API\bin\Debug\net8.0\Microsoft.Extensions.DependencyInjection.dll". Access to the path 'E:\DoAnTotNghiep\BackEnd\BookingTicket.API\bin\Debug\net8.0\Microsoft.Extensions.DependencyInjection.dll' is denied. The file is locked by: "Microsoft Visual Studio 2022 (29544), BookingTicket.API (19712)" [E:\DoAnTotNghiep\BackEnd\BookingTicket.API\BookingTicket.API.csproj]
C:\Program Files\dotnet\sdk\9.0.302\Microsoft.Common.CurrentVersion.targets(5933,5): warning MSB3061: Unable to delete file "E:\DoAnTotNghiep\BackEnd\BookingTicket.API\bin\Debug\net8.0\Microsoft.Extensions.DependencyInjection.Abstractions.dll". Access to the path 'E:\DoAnTotNghiep\BackEnd\BookingTicket.API\bin\Debug\net8.0\Microsoft.Extensions.DependencyInjection.Abstractions.dll' is denied. The file is locked by: "BookingTicket.API (19712)" [E:\DoAnTotNghiep\BackEnd\BookingTicket.API\BookingTicket.API.csproj]
C:\Program Files\dotnet\sdk\9.0.302\Microsoft.Common.CurrentVersion.targets(5933,5): warning MSB3061: Unable to delete file "E:\DoAnTotNghiep\BackEnd\BookingTicket.API\bin\Debug\net8.0\Microsoft.Extensions.Diagnostics.dll". Access to the path 'E:\DoAnTotNghiep\BackEnd\BookingTicket.API\bin\Debug\net8.0\Microsoft.Extensions.Diagnostics.dll' is denied. The file is locked by: "BookingTicket.API (19712)" [E:\DoAnTotNghiep\BackEnd\BookingTicket.API\BookingTicket.API.csproj]
C:\Program Files\dotnet\sdk\9.0.302\Microsoft.Common.CurrentVersion.targets(5933,5): warning MSB3061: Unable to delete file "E:\DoAnTotNghiep\BackEnd\BookingTicket.API\bin\Debug\net8.0\Microsoft.Extensions.Diagnostics.Abstractions.dll". Access to the path 'E:\DoAnTotNghiep\BackEnd\BookingTicket.API\bin\Debug\net8.0\Microsoft.Extensions.Diagnostics.Abstractions.dll' is denied. The file is locked by: "BookingTicket.API (19712)" [E:\DoAnTotNghiep\BackEnd\BookingTicket.API\BookingTicket.API.csproj]
C:\Program Files\dotnet\sdk\9.0.302\Microsoft.Common.CurrentVersion.targets(5933,5): warning MSB3061: Unable to delete file "E:\DoAnTotNghiep\BackEnd\BookingTicket.API\bin\Debug\net8.0\Microsoft.Extensions.Identity.Core.dll". Access to the path 'E:\DoAnTotNghiep\BackEnd\BookingTicket.API\bin\Debug\net8.0\Microsoft.Extensions.Identity.Core.dll' is denied. The file is locked by: "Microsoft Visual Studio 2022 (29544), BookingTicket.API (19712)" [E:\DoAnTotNghiep\BackEnd\BookingTicket.API\BookingTicket.API.csproj]
C:\Program Files\dotnet\sdk\9.0.302\Microsoft.Common.CurrentVersion.targets(5933,5): warning MSB3061: Unable to delete file "E:\DoAnTotNghiep\BackEnd\BookingTicket.API\bin\Debug\net8.0\Microsoft.Extensions.Identity.Stores.dll". Access to the path 'E:\DoAnTotNghiep\BackEnd\BookingTicket.API\bin\Debug\net8.0\Microsoft.Extensions.Identity.Stores.dll' is denied. The file is locked by: "BookingTicket.API (19712)" [E:\DoAnTotNghiep\BackEnd\BookingTicket.API\BookingTicket.API.csproj]
C:\Program Files\dotnet\sdk\9.0.302\Microsoft.Common.CurrentVersion.targets(5933,5): warning MSB3061: Unable to delete file "E:\DoAnTotNghiep\BackEnd\BookingTicket.API\bin\Debug\net8.0\Microsoft.Extensions.Logging.dll". Access to the path 'E:\DoAnTotNghiep\BackEnd\BookingTicket.API\bin\Debug\net8.0\Microsoft.Extensions.Logging.dll' is denied. The file is locked by: "BookingTicket.API (19712)" [E:\DoAnTotNghiep\BackEnd\BookingTicket.API\BookingTicket.API.csproj]
C:\Program Files\dotnet\sdk\9.0.302\Microsoft.Common.CurrentVersion.targets(5933,5): warning MSB3061: Unable to delete file "E:\DoAnTotNghiep\BackEnd\BookingTicket.API\bin\Debug\net8.0\Microsoft.Extensions.Logging.Abstractions.dll". Access to the path 'E:\DoAnTotNghiep\BackEnd\BookingTicket.API\bin\Debug\net8.0\Microsoft.Extensions.Logging.Abstractions.dll' is denied. The file is locked by: "Microsoft Visual Studio 2022 (29544), BookingTicket.API (19712)" [E:\DoAnTotNghiep\BackEnd\BookingTicket.API\BookingTicket.API.csproj]
C:\Program Files\dotnet\sdk\9.0.302\Microsoft.Common.CurrentVersion.targets(5933,5): warning MSB3061: Unable to delete file "E:\DoAnTotNghiep\BackEnd\BookingTicket.API\bin\Debug\net8.0\Microsoft.Extensions.Options.dll". Access to the path 'E:\DoAnTotNghiep\BackEnd\BookingTicket.API\bin\Debug\net8.0\Microsoft.Extensions.Options.dll' is denied. The file is locked by: "BookingTicket.API (19712)" [E:\DoAnTotNghiep\BackEnd\BookingTicket.API\BookingTicket.API.csproj]
C:\Program Files\dotnet\sdk\9.0.302\Microsoft.Common.CurrentVersion.targets(5933,5): warning MSB3061: Unable to delete file "E:\DoAnTotNghiep\BackEnd\BookingTicket.API\bin\Debug\net8.0\Microsoft.Extensions.Options.ConfigurationExtensions.dll". Access to the path 'E:\DoAnTotNghiep\BackEnd\BookingTicket.API\bin\Debug\net8.0\Microsoft.Extensions.Options.ConfigurationExtensions.dll' is denied. The file is locked by: "BookingTicket.API (19712)" [E:\DoAnTotNghiep\BackEnd\BookingTicket.API\BookingTicket.API.csproj]
C:\Program Files\dotnet\sdk\9.0.302\Microsoft.Common.CurrentVersion.targets(5933,5): warning MSB3061: Unable to delete file "E:\DoAnTotNghiep\BackEnd\BookingTicket.API\bin\Debug\net8.0\Microsoft.Extensions.Primitives.dll". Access to the path 'E:\DoAnTotNghiep\BackEnd\BookingTicket.API\bin\Debug\net8.0\Microsoft.Extensions.Primitives.dll' is denied. The file is locked by: "BookingTicket.API (19712)" [E:\DoAnTotNghiep\BackEnd\BookingTicket.API\BookingTicket.API.csproj]
C:\Program Files\dotnet\sdk\9.0.302\Microsoft.Common.CurrentVersion.targets(5933,5): warning MSB3061: Unable to delete file "E:\DoAnTotNghiep\BackEnd\BookingTicket.API\bin\Debug\net8.0\Microsoft.Identity.Client.dll". Access to the path 'E:\DoAnTotNghiep\BackEnd\BookingTicket.API\bin\Debug\net8.0\Microsoft.Identity.Client.dll' is denied. The file is locked by: "Microsoft Visual Studio 2022 (29544), BookingTicket.API (19712)" [E:\DoAnTotNghiep\BackEnd\BookingTicket.API\BookingTicket.API.csproj]
C:\Program Files\dotnet\sdk\9.0.302\Microsoft.Common.CurrentVersion.targets(5933,5): warning MSB3061: Unable to delete file "E:\DoAnTotNghiep\BackEnd\BookingTicket.API\bin\Debug\net8.0\Microsoft.OpenApi.dll". Access to the path 'E:\DoAnTotNghiep\BackEnd\BookingTicket.API\bin\Debug\net8.0\Microsoft.OpenApi.dll' is denied. The file is locked by: "Microsoft Visual Studio 2022 (29544), BookingTicket.API (19712)" [E:\DoAnTotNghiep\BackEnd\BookingTicket.API\BookingTicket.API.csproj]
C:\Program Files\dotnet\sdk\9.0.302\Microsoft.Common.CurrentVersion.targets(5933,5): warning MSB3061: Unable to delete file "E:\DoAnTotNghiep\BackEnd\BookingTicket.API\bin\Debug\net8.0\Microsoft.SqlServer.Server.dll". Access to the path 'E:\DoAnTotNghiep\BackEnd\BookingTicket.API\bin\Debug\net8.0\Microsoft.SqlServer.Server.dll' is denied. The file is locked by: "BookingTicket.API (19712)" [E:\DoAnTotNghiep\BackEnd\BookingTicket.API\BookingTicket.API.csproj]
C:\Program Files\dotnet\sdk\9.0.302\Microsoft.Common.CurrentVersion.targets(5933,5): warning MSB3061: Unable to delete file "E:\DoAnTotNghiep\BackEnd\BookingTicket.API\bin\Debug\net8.0\payos-lib-dotnet-5.0.dll". Access to the path 'E:\DoAnTotNghiep\BackEnd\BookingTicket.API\bin\Debug\net8.0\payos-lib-dotnet-5.0.dll' is denied. The file is locked by: "BookingTicket.API (19712)" [E:\DoAnTotNghiep\BackEnd\BookingTicket.API\BookingTicket.API.csproj]
C:\Program Files\dotnet\sdk\9.0.302\Microsoft.Common.CurrentVersion.targets(5933,5): warning MSB3061: Unable to delete file "E:\DoAnTotNghiep\BackEnd\BookingTicket.API\bin\Debug\net8.0\Swashbuckle.AspNetCore.Swagger.dll". Access to the path 'E:\DoAnTotNghiep\BackEnd\BookingTicket.API\bin\Debug\net8.0\Swashbuckle.AspNetCore.Swagger.dll' is denied. The file is locked by: "BookingTicket.API (19712)" [E:\DoAnTotNghiep\BackEnd\BookingTicket.API\BookingTicket.API.csproj]
C:\Program Files\dotnet\sdk\9.0.302\Microsoft.Common.CurrentVersion.targets(5933,5): warning MSB3061: Unable to delete file "E:\DoAnTotNghiep\BackEnd\BookingTicket.API\bin\Debug\net8.0\Swashbuckle.AspNetCore.SwaggerGen.dll". Access to the path 'E:\DoAnTotNghiep\BackEnd\BookingTicket.API\bin\Debug\net8.0\Swashbuckle.AspNetCore.SwaggerGen.dll' is denied. The file is locked by: "Microsoft Visual Studio 2022 (29544), BookingTicket.API (19712)" [E:\DoAnTotNghiep\BackEnd\BookingTicket.API\BookingTicket.API.csproj]
C:\Program Files\dotnet\sdk\9.0.302\Microsoft.Common.CurrentVersion.targets(5933,5): warning MSB3061: Unable to delete file "E:\DoAnTotNghiep\BackEnd\BookingTicket.API\bin\Debug\net8.0\Swashbuckle.AspNetCore.SwaggerUI.dll". Access to the path 'E:\DoAnTotNghiep\BackEnd\BookingTicket.API\bin\Debug\net8.0\Swashbuckle.AspNetCore.SwaggerUI.dll' is denied. The file is locked by: "Microsoft Visual Studio 2022 (29544), BookingTicket.API (19712)" [E:\DoAnTotNghiep\BackEnd\BookingTicket.API\BookingTicket.API.csproj]
C:\Program Files\dotnet\sdk\9.0.302\Microsoft.Common.CurrentVersion.targets(5933,5): warning MSB3061: Unable to delete file "E:\DoAnTotNghiep\BackEnd\BookingTicket.API\bin\Debug\net8.0\System.Configuration.ConfigurationManager.dll". Access to the path 'E:\DoAnTotNghiep\BackEnd\BookingTicket.API\bin\Debug\net8.0\System.Configuration.ConfigurationManager.dll' is denied. The file is locked by: "Microsoft Visual Studio 2022 (29544), BookingTicket.API (19712)" [E:\DoAnTotNghiep\BackEnd\BookingTicket.API\BookingTicket.API.csproj]
C:\Program Files\dotnet\sdk\9.0.302\Microsoft.Common.CurrentVersion.targets(5933,5): warning MSB3061: Unable to delete file "E:\DoAnTotNghiep\BackEnd\BookingTicket.API\bin\Debug\net8.0\System.Diagnostics.DiagnosticSource.dll". Access to the path 'E:\DoAnTotNghiep\BackEnd\BookingTicket.API\bin\Debug\net8.0\System.Diagnostics.DiagnosticSource.dll' is denied. The file is locked by: "Microsoft Visual Studio 2022 (29544), BookingTicket.API (19712)" [E:\DoAnTotNghiep\BackEnd\BookingTicket.API\BookingTicket.API.csproj]
C:\Program Files\dotnet\sdk\9.0.302\Microsoft.Common.CurrentVersion.targets(5933,5): warning MSB3061: Unable to delete file "E:\DoAnTotNghiep\BackEnd\BookingTicket.API\bin\Debug\net8.0\runtimes\win\lib\net6.0\Microsoft.Data.SqlClient.dll". Access to the path 'E:\DoAnTotNghiep\BackEnd\BookingTicket.API\bin\Debug\net8.0\runtimes\win\lib\net6.0\Microsoft.Data.SqlClient.dll' is denied. The file is locked by: "Microsoft Visual Studio 2022 (29544), BookingTicket.API (19712)" [E:\DoAnTotNghiep\BackEnd\BookingTicket.API\BookingTicket.API.csproj]
C:\Program Files\dotnet\sdk\9.0.302\Microsoft.Common.CurrentVersion.targets(5933,5): warning MSB3061: Unable to delete file "E:\DoAnTotNghiep\BackEnd\BookingTicket.API\bin\Debug\net8.0\runtimes\win-x64\native\Microsoft.Data.SqlClient.SNI.dll". Access to the path 'E:\DoAnTotNghiep\BackEnd\BookingTicket.API\bin\Debug\net8.0\runtimes\win-x64\native\Microsoft.Data.SqlClient.SNI.dll' is denied. The file is locked by: "BookingTicket.API (19712)" [E:\DoAnTotNghiep\BackEnd\BookingTicket.API\BookingTicket.API.csproj]
C:\Program Files\dotnet\sdk\9.0.302\Microsoft.Common.CurrentVersion.targets(5933,5): warning MSB3061: Unable to delete file "E:\DoAnTotNghiep\BackEnd\BookingTicket.API\bin\Debug\net8.0\BookingTicket.Application.dll". Access to the path 'E:\DoAnTotNghiep\BackEnd\BookingTicket.API\bin\Debug\net8.0\BookingTicket.Application.dll' is denied. The file is locked by: "Microsoft Visual Studio 2022 (29544), BookingTicket.API (19712)" [E:\DoAnTotNghiep\BackEnd\BookingTicket.API\BookingTicket.API.csproj]
C:\Program Files\dotnet\sdk\9.0.302\Microsoft.Common.CurrentVersion.targets(5933,5): warning MSB3061: Unable to delete file "E:\DoAnTotNghiep\BackEnd\BookingTicket.API\bin\Debug\net8.0\BookingTicket.Domain.dll". Access to the path 'E:\DoAnTotNghiep\BackEnd\BookingTicket.API\bin\Debug\net8.0\BookingTicket.Domain.dll' is denied. The file is locked by: "BookingTicket.API (19712)" [E:\DoAnTotNghiep\BackEnd\BookingTicket.API\BookingTicket.API.csproj]
C:\Program Files\dotnet\sdk\9.0.302\Microsoft.Common.CurrentVersion.targets(5933,5): warning MSB3061: Unable to delete file "E:\DoAnTotNghiep\BackEnd\BookingTicket.API\bin\Debug\net8.0\BookingTicket.Infrastructure.dll". Access to the path 'E:\DoAnTotNghiep\BackEnd\BookingTicket.API\bin\Debug\net8.0\BookingTicket.Infrastructure.dll' is denied. The file is locked by: "Microsoft Visual Studio 2022 (29544), BookingTicket.API (19712)" [E:\DoAnTotNghiep\BackEnd\BookingTicket.API\BookingTicket.API.csproj]
E:\DoAnTotNghiep\BackEnd\BookingTicket.Domain\Entities\Ward.cs(16,23): warning CS8618: Non-nullable property 'WardName' must contain a non-null value when exiting constructor. Consider adding the 'required' modifier or declaring the property as nullable. [E:\DoAnTotNghiep\BackEnd\BookingTicket.Domain\BookingTicket.Domain.csproj]
E:\DoAnTotNghiep\BackEnd\BookingTicket.Domain\Entities\Ward.cs(20,26): warning CS8618: Non-nullable property 'Province' must contain a non-null value when exiting constructor. Consider adding the 'required' modifier or declaring the property as nullable. [E:\DoAnTotNghiep\BackEnd\BookingTicket.Domain\BookingTicket.Domain.csproj]
E:\DoAnTotNghiep\BackEnd\BookingTicket.Domain\Entities\Tickets.cs(12,22): warning CS8618: Non-nullable property 'TripSeat' must contain a non-null value when exiting constructor. Consider adding the 'required' modifier or declaring the property as nullable. [E:\DoAnTotNghiep\BackEnd\BookingTicket.Domain\BookingTicket.Domain.csproj]
E:\DoAnTotNghiep\BackEnd\BookingTicket.Domain\Entities\Tickets.cs(15,21): warning CS8618: Non-nullable property 'Booking' must contain a non-null value when exiting constructor. Consider adding the 'required' modifier or declaring the property as nullable. [E:\DoAnTotNghiep\BackEnd\BookingTicket.Domain\BookingTicket.Domain.csproj]
E:\DoAnTotNghiep\BackEnd\BookingTicket.Domain\Entities\TripSeats.cs(17,22): warning CS8618: Non-nullable property 'Trip' must contain a non-null value when exiting constructor. Consider adding the 'required' modifier or declaring the property as nullable. [E:\DoAnTotNghiep\BackEnd\BookingTicket.Domain\BookingTicket.Domain.csproj]
E:\DoAnTotNghiep\BackEnd\BookingTicket.Domain\Entities\TripSeats.cs(20,22): warning CS8618: Non-nullable property 'Seat' must contain a non-null value when exiting constructor. Consider adding the 'required' modifier or declaring the property as nullable. [E:\DoAnTotNghiep\BackEnd\BookingTicket.Domain\BookingTicket.Domain.csproj]
E:\DoAnTotNghiep\BackEnd\BookingTicket.Domain\Entities\TripSeats.cs(24,37): warning CS8618: Non-nullable property 'Tickets' must contain a non-null value when exiting constructor. Consider adding the 'required' modifier or declaring the property as nullable. [E:\DoAnTotNghiep\BackEnd\BookingTicket.Domain\BookingTicket.Domain.csproj]
E:\DoAnTotNghiep\BackEnd\BookingTicket.Domain\Entities\Trips.cs(13,26): warning CS8618: Non-nullable property 'Schedule' must contain a non-null value when exiting constructor. Consider adding the 'required' modifier or declaring the property as nullable. [E:\DoAnTotNghiep\BackEnd\BookingTicket.Domain\BookingTicket.Domain.csproj]
E:\DoAnTotNghiep\BackEnd\BookingTicket.Domain\Entities\Trips.cs(19,22): warning CS8618: Non-nullable property 'Bus' must contain a non-null value when exiting constructor. Consider adding the 'required' modifier or declaring the property as nullable. [E:\DoAnTotNghiep\BackEnd\BookingTicket.Domain\BookingTicket.Domain.csproj]
E:\DoAnTotNghiep\BackEnd\BookingTicket.Domain\Entities\Trips.cs(21,23): warning CS8618: Non-nullable property 'Route' must contain a non-null value when exiting constructor. Consider adding the 'required' modifier or declaring the property as nullable. [E:\DoAnTotNghiep\BackEnd\BookingTicket.Domain\BookingTicket.Domain.csproj]
E:\DoAnTotNghiep\BackEnd\BookingTicket.Domain\Entities\Seats.cs(17,27): warning CS8618: Non-nullable property 'SeatNumber' must contain a non-null value when exiting constructor. Consider adding the 'required' modifier or declaring the property as nullable. [E:\DoAnTotNghiep\BackEnd\BookingTicket.Domain\BookingTicket.Domain.csproj]
E:\DoAnTotNghiep\BackEnd\BookingTicket.Domain\Entities\Seats.cs(30,26): warning CS8618: Non-nullable property 'Bus' must contain a non-null value when exiting constructor. Consider adding the 'required' modifier or declaring the property as nullable. [E:\DoAnTotNghiep\BackEnd\BookingTicket.Domain\BookingTicket.Domain.csproj]
E:\DoAnTotNghiep\BackEnd\BookingTicket.Domain\Entities\Routes.cs(15,23): warning CS8618: Non-nullable property 'RouteName' must contain a non-null value when exiting constructor. Consider adding the 'required' modifier or declaring the property as nullable. [E:\DoAnTotNghiep\BackEnd\BookingTicket.Domain\BookingTicket.Domain.csproj]
E:\DoAnTotNghiep\BackEnd\BookingTicket.Domain\Entities\Routes.cs(19,23): warning CS8618: Non-nullable property 'DepartureOffice' must contain a non-null value when exiting constructor. Consider adding the 'required' modifier or declaring the property as nullable. [E:\DoAnTotNghiep\BackEnd\BookingTicket.Domain\BookingTicket.Domain.csproj]
E:\DoAnTotNghiep\BackEnd\BookingTicket.Domain\Entities\Routes.cs(22,23): warning CS8618: Non-nullable property 'ArrivalOffice' must contain a non-null value when exiting constructor. Consider adding the 'required' modifier or declaring the property as nullable. [E:\DoAnTotNghiep\BackEnd\BookingTicket.Domain\BookingTicket.Domain.csproj]
E:\DoAnTotNghiep\BackEnd\BookingTicket.Domain\Entities\Provinces.cs(13,23): warning CS8618: Non-nullable property 'ProvinceName' must contain a non-null value when exiting constructor. Consider adding the 'required' modifier or declaring the property as nullable. [E:\DoAnTotNghiep\BackEnd\BookingTicket.Domain\BookingTicket.Domain.csproj]
E:\DoAnTotNghiep\BackEnd\BookingTicket.Domain\Entities\Payments.cs(23,31): warning CS8618: Non-nullable property 'PaymentMethod' must contain a non-null value when exiting constructor. Consider adding the 'required' modifier or declaring the property as nullable. [E:\DoAnTotNghiep\BackEnd\BookingTicket.Domain\BookingTicket.Domain.csproj]
E:\DoAnTotNghiep\BackEnd\BookingTicket.Domain\Entities\Payments.cs(26,25): warning CS8618: Non-nullable property 'Booking' must contain a non-null value when exiting constructor. Consider adding the 'required' modifier or declaring the property as nullable. [E:\DoAnTotNghiep\BackEnd\BookingTicket.Domain\BookingTicket.Domain.csproj]
E:\DoAnTotNghiep\BackEnd\BookingTicket.Domain\Entities\PaymentMethods.cs(17,23): warning CS8618: Non-nullable property 'PaymentType' must contain a non-null value when exiting constructor. Consider adding the 'required' modifier or declaring the property as nullable. [E:\DoAnTotNghiep\BackEnd\BookingTicket.Domain\BookingTicket.Domain.csproj]
E:\DoAnTotNghiep\BackEnd\BookingTicket.Domain\Entities\PaymentMethods.cs(19,38): warning CS8618: Non-nullable property 'Payments' must contain a non-null value when exiting constructor. Consider adding the 'required' modifier or declaring the property as nullable. [E:\DoAnTotNghiep\BackEnd\BookingTicket.Domain\BookingTicket.Domain.csproj]
E:\DoAnTotNghiep\BackEnd\BookingTicket.Domain\Entities\Office.cs(13,23): warning CS8618: Non-nullable property 'OfficeName' must contain a non-null value when exiting constructor. Consider adding the 'required' modifier or declaring the property as nullable. [E:\DoAnTotNghiep\BackEnd\BookingTicket.Domain\BookingTicket.Domain.csproj]
E:\DoAnTotNghiep\BackEnd\BookingTicket.Domain\Entities\Office.cs(17,23): warning CS8618: Non-nullable property 'Address' must contain a non-null value when exiting constructor. Consider adding the 'required' modifier or declaring the property as nullable. [E:\DoAnTotNghiep\BackEnd\BookingTicket.Domain\BookingTicket.Domain.csproj]
E:\DoAnTotNghiep\BackEnd\BookingTicket.Domain\Entities\Office.cs(21,23): warning CS8618: Non-nullable property 'PhoneNumber' must contain a non-null value when exiting constructor. Consider adding the 'required' modifier or declaring the property as nullable. [E:\DoAnTotNghiep\BackEnd\BookingTicket.Domain\BookingTicket.Domain.csproj]
E:\DoAnTotNghiep\BackEnd\BookingTicket.Domain\Entities\Office.cs(24,21): warning CS8618: Non-nullable property 'Ward' must contain a non-null value when exiting constructor. Consider adding the 'required' modifier or declaring the property as nullable. [E:\DoAnTotNghiep\BackEnd\BookingTicket.Domain\BookingTicket.Domain.csproj]
E:\DoAnTotNghiep\BackEnd\BookingTicket.Domain\Entities\BusTypes.cs(13,23): warning CS8618: Non-nullable property 'TypeName' must contain a non-null value when exiting constructor. Consider adding the 'required' modifier or declaring the property as nullable. [E:\DoAnTotNghiep\BackEnd\BookingTicket.Domain\BookingTicket.Domain.csproj]
E:\DoAnTotNghiep\BackEnd\BookingTicket.Domain\Entities\BusTypes.cs(18,23): warning CS8618: Non-nullable property 'Description' must contain a non-null value when exiting constructor. Consider adding the 'required' modifier or declaring the property as nullable. [E:\DoAnTotNghiep\BackEnd\BookingTicket.Domain\BookingTicket.Domain.csproj]
E:\DoAnTotNghiep\BackEnd\BookingTicket.Domain\Entities\Buses.cs(16,23): warning CS8618: Non-nullable property 'BusName' must contain a non-null value when exiting constructor. Consider adding the 'required' modifier or declaring the property as nullable. [E:\DoAnTotNghiep\BackEnd\BookingTicket.Domain\BookingTicket.Domain.csproj]
E:\DoAnTotNghiep\BackEnd\BookingTicket.Domain\Entities\Buses.cs(21,25): warning CS8618: Non-nullable property 'BusType' must contain a non-null value when exiting constructor. Consider adding the 'required' modifier or declaring the property as nullable. [E:\DoAnTotNghiep\BackEnd\BookingTicket.Domain\BookingTicket.Domain.csproj]
E:\DoAnTotNghiep\BackEnd\BookingTicket.Domain\Entities\Buses.cs(23,23): warning CS8618: Non-nullable property 'PlateNumber' must contain a non-null value when exiting constructor. Consider adding the 'required' modifier or declaring the property as nullable. [E:\DoAnTotNghiep\BackEnd\BookingTicket.Domain\BookingTicket.Domain.csproj]
E:\DoAnTotNghiep\BackEnd\BookingTicket.Domain\Entities\Buses.cs(27,35): warning CS8618: Non-nullable property 'Seats' must contain a non-null value when exiting constructor. Consider adding the 'required' modifier or declaring the property as nullable. [E:\DoAnTotNghiep\BackEnd\BookingTicket.Domain\BookingTicket.Domain.csproj]
E:\DoAnTotNghiep\BackEnd\BookingTicket.Domain\Entities\Buses.cs(28,35): warning CS8618: Non-nullable property 'Trips' must contain a non-null value when exiting constructor. Consider adding the 'required' modifier or declaring the property as nullable. [E:\DoAnTotNghiep\BackEnd\BookingTicket.Domain\BookingTicket.Domain.csproj]
E:\DoAnTotNghiep\BackEnd\BookingTicket.Application\DTOs\User\PassengerDto.cs(20,23): warning CS8618: Non-nullable property 'TicketCode' must contain a non-null value when exiting constructor. Consider adding the 'required' modifier or declaring the property as nullable. [E:\DoAnTotNghiep\BackEnd\BookingTicket.Application\BookingTicket.Application.csproj]
E:\DoAnTotNghiep\BackEnd\BookingTicket.Application\DTOs\User\PassengerDto.cs(22,23): warning CS8618: Non-nullable property 'RouteName' must contain a non-null value when exiting constructor. Consider adding the 'required' modifier or declaring the property as nullable. [E:\DoAnTotNghiep\BackEnd\BookingTicket.Application\BookingTicket.Application.csproj]
E:\DoAnTotNghiep\BackEnd\BookingTicket.Application\DTOs\User\PassengerDto.cs(24,23): warning CS8618: Non-nullable property 'Status' must contain a non-null value when exiting constructor. Consider adding the 'required' modifier or declaring the property as nullable. [E:\DoAnTotNghiep\BackEnd\BookingTicket.Application\BookingTicket.Application.csproj]
E:\DoAnTotNghiep\BackEnd\BookingTicket.Application\DTOs\User\PassengerDto.cs(7,23): warning CS8618: Non-nullable property 'Id' must contain a non-null value when exiting constructor. Consider adding the 'required' modifier or declaring the property as nullable. [E:\DoAnTotNghiep\BackEnd\BookingTicket.Application\BookingTicket.Application.csproj]
E:\DoAnTotNghiep\BackEnd\BookingTicket.Application\DTOs\User\PassengerDto.cs(8,23): warning CS8618: Non-nullable property 'FullName' must contain a non-null value when exiting constructor. Consider adding the 'required' modifier or declaring the property as nullable. [E:\DoAnTotNghiep\BackEnd\BookingTicket.Application\BookingTicket.Application.csproj]
E:\DoAnTotNghiep\BackEnd\BookingTicket.Application\DTOs\User\PassengerDto.cs(9,23): warning CS8618: Non-nullable property 'PhoneNumber' must contain a non-null value when exiting constructor. Consider adding the 'required' modifier or declaring the property as nullable. [E:\DoAnTotNghiep\BackEnd\BookingTicket.Application\BookingTicket.Application.csproj]
E:\DoAnTotNghiep\BackEnd\BookingTicket.Application\DTOs\User\PassengerDto.cs(10,23): warning CS8618: Non-nullable property 'Email' must contain a non-null value when exiting constructor. Consider adding the 'required' modifier or declaring the property as nullable. [E:\DoAnTotNghiep\BackEnd\BookingTicket.Application\BookingTicket.Application.csproj]
E:\DoAnTotNghiep\BackEnd\BookingTicket.Application\DTOs\User\PassengerDto.cs(14,23): warning CS8618: Non-nullable property 'Status' must contain a non-null value when exiting constructor. Consider adding the 'required' modifier or declaring the property as nullable. [E:\DoAnTotNghiep\BackEnd\BookingTicket.Application\BookingTicket.Application.csproj]
E:\DoAnTotNghiep\BackEnd\BookingTicket.Application\DTOs\Trip\TripMonitoringDto.cs(27,23): warning CS8618: Non-nullable property 'SeatNumber' must contain a non-null value when exiting constructor. Consider adding the 'required' modifier or declaring the property as nullable. [E:\DoAnTotNghiep\BackEnd\BookingTicket.Application\BookingTicket.Application.csproj]
E:\DoAnTotNghiep\BackEnd\BookingTicket.Application\DTOs\Trip\TripMonitoringDto.cs(34,23): warning CS8618: Non-nullable property 'CustomerName' must contain a non-null value when exiting constructor. Consider adding the 'required' modifier or declaring the property as nullable. [E:\DoAnTotNghiep\BackEnd\BookingTicket.Application\BookingTicket.Application.csproj]
E:\DoAnTotNghiep\BackEnd\BookingTicket.Application\DTOs\Trip\TripMonitoringDto.cs(35,23): warning CS8618: Non-nullable property 'PhoneNumber' must contain a non-null value when exiting constructor. Consider adding the 'required' modifier or declaring the property as nullable. [E:\DoAnTotNghiep\BackEnd\BookingTicket.Application\BookingTicket.Application.csproj]
E:\DoAnTotNghiep\BackEnd\BookingTicket.Application\DTOs\Trip\TripMonitoringDto.cs(9,23): warning CS8618: Non-nullable property 'RouteName' must contain a non-null value when exiting constructor. Consider adding the 'required' modifier or declaring the property as nullable. [E:\DoAnTotNghiep\BackEnd\BookingTicket.Application\BookingTicket.Application.csproj]
E:\DoAnTotNghiep\BackEnd\BookingTicket.Application\DTOs\Trip\TripMonitoringDto.cs(10,23): warning CS8618: Non-nullable property 'DepartureTime' must contain a non-null value when exiting constructor. Consider adding the 'required' modifier or declaring the property as nullable. [E:\DoAnTotNghiep\BackEnd\BookingTicket.Application\BookingTicket.Application.csproj]
E:\DoAnTotNghiep\BackEnd\BookingTicket.Application\DTOs\Trip\TripMonitoringDto.cs(11,23): warning CS8618: Non-nullable property 'DepartureDate' must contain a non-null value when exiting constructor. Consider adding the 'required' modifier or declaring the property as nullable. [E:\DoAnTotNghiep\BackEnd\BookingTicket.Application\BookingTicket.Application.csproj]
E:\DoAnTotNghiep\BackEnd\BookingTicket.Application\DTOs\Trip\TripMonitoringDto.cs(12,23): warning CS8618: Non-nullable property 'ArrivalTime' must contain a non-null value when exiting constructor. Consider adding the 'required' modifier or declaring the property as nullable. [E:\DoAnTotNghiep\BackEnd\BookingTicket.Application\BookingTicket.Application.csproj]
E:\DoAnTotNghiep\BackEnd\BookingTicket.Application\DTOs\Trip\TripMonitoringDto.cs(14,23): warning CS8618: Non-nullable property 'BusPlate' must contain a non-null value when exiting constructor. Consider adding the 'required' modifier or declaring the property as nullable. [E:\DoAnTotNghiep\BackEnd\BookingTicket.Application\BookingTicket.Application.csproj]
E:\DoAnTotNghiep\BackEnd\BookingTicket.Application\DTOs\Trip\TripMonitoringDto.cs(15,23): warning CS8618: Non-nullable property 'BusType' must contain a non-null value when exiting constructor. Consider adding the 'required' modifier or declaring the property as nullable. [E:\DoAnTotNghiep\BackEnd\BookingTicket.Application\BookingTicket.Application.csproj]
E:\DoAnTotNghiep\BackEnd\BookingTicket.Application\DTOs\Trip\TripMonitoringDto.cs(20,23): warning CS8618: Non-nullable property 'DepartureOfficeName' must contain a non-null value when exiting constructor. Consider adding the 'required' modifier or declaring the property as nullable. [E:\DoAnTotNghiep\BackEnd\BookingTicket.Application\BookingTicket.Application.csproj]
E:\DoAnTotNghiep\BackEnd\BookingTicket.Application\DTOs\Trip\TripMonitoringDto.cs(21,23): warning CS8618: Non-nullable property 'ArrivalOfficeName' must contain a non-null value when exiting constructor. Consider adding the 'required' modifier or declaring the property as nullable. [E:\DoAnTotNghiep\BackEnd\BookingTicket.Application\BookingTicket.Application.csproj]
E:\DoAnTotNghiep\BackEnd\BookingTicket.Application\DTOs\Schedule\ScheduleDto.cs(22,23): warning CS8618: Non-nullable property 'DepartureTime' must contain a non-null value when exiting constructor. Consider adding the 'required' modifier or declaring the property as nullable. [E:\DoAnTotNghiep\BackEnd\BookingTicket.Application\BookingTicket.Application.csproj]
E:\DoAnTotNghiep\BackEnd\BookingTicket.Application\DTOs\Schedule\ScheduleDto.cs(23,23): warning CS8618: Non-nullable property 'ArrivalTime' must contain a non-null value when exiting constructor. Consider adding the 'required' modifier or declaring the property as nullable. [E:\DoAnTotNghiep\BackEnd\BookingTicket.Application\BookingTicket.Application.csproj]
E:\DoAnTotNghiep\BackEnd\BookingTicket.Application\DTOs\Schedule\ScheduleDto.cs(9,23): warning CS8618: Non-nullable property 'RouteName' must contain a non-null value when exiting constructor. Consider adding the 'required' modifier or declaring the property as nullable. [E:\DoAnTotNghiep\BackEnd\BookingTicket.Application\BookingTicket.Application.csproj]
E:\DoAnTotNghiep\BackEnd\BookingTicket.Application\DTOs\Schedule\ScheduleDto.cs(11,23): warning CS8618: Non-nullable property 'BusPlate' must contain a non-null value when exiting constructor. Consider adding the 'required' modifier or declaring the property as nullable. [E:\DoAnTotNghiep\BackEnd\BookingTicket.Application\BookingTicket.Application.csproj]
E:\DoAnTotNghiep\BackEnd\BookingTicket.Application\DTOs\Schedule\ScheduleDto.cs(12,23): warning CS8618: Non-nullable property 'DepartureTime' must contain a non-null value when exiting constructor. Consider adding the 'required' modifier or declaring the property as nullable. [E:\DoAnTotNghiep\BackEnd\BookingTicket.Application\BookingTicket.Application.csproj]
E:\DoAnTotNghiep\BackEnd\BookingTicket.Application\DTOs\Schedule\ScheduleDto.cs(13,23): warning CS8618: Non-nullable property 'ArrivalTime' must contain a non-null value when exiting constructor. Consider adding the 'required' modifier or declaring the property as nullable. [E:\DoAnTotNghiep\BackEnd\BookingTicket.Application\BookingTicket.Application.csproj]
E:\DoAnTotNghiep\BackEnd\BookingTicket.Application\DTOs\Province\WardDto.cs(6,23): warning CS8618: Non-nullable property 'WardName' must contain a non-null value when exiting constructor. Consider adding the 'required' modifier or declaring the property as nullable. [E:\DoAnTotNghiep\BackEnd\BookingTicket.Application\BookingTicket.Application.csproj]
E:\DoAnTotNghiep\BackEnd\BookingTicket.Application\DTOs\Province\ProvinceDto.cs(6,23): warning CS8618: Non-nullable property 'ProvinceName' must contain a non-null value when exiting constructor. Consider adding the 'required' modifier or declaring the property as nullable. [E:\DoAnTotNghiep\BackEnd\BookingTicket.Application\BookingTicket.Application.csproj]
E:\DoAnTotNghiep\BackEnd\BookingTicket.Application\DTOs\AI\Message.cs(11,23): warning CS8618: Non-nullable property 'Content' must contain a non-null value when exiting constructor. Consider adding the 'required' modifier or declaring the property as nullable. [E:\DoAnTotNghiep\BackEnd\BookingTicket.Application\BookingTicket.Application.csproj]
E:\DoAnTotNghiep\BackEnd\BookingTicket.Application\DTOs\AI\ChatCompletionResponse.cs(11,29): warning CS8618: Non-nullable property 'Choices' must contain a non-null value when exiting constructor. Consider adding the 'required' modifier or declaring the property as nullable. [E:\DoAnTotNghiep\BackEnd\BookingTicket.Application\BookingTicket.Application.csproj]
E:\DoAnTotNghiep\BackEnd\BookingTicket.Application\DTOs\Bus\UpdateBusDTO.cs(14,23): warning CS8618: Non-nullable property 'BusName' must contain a non-null value when exiting constructor. Consider adding the 'required' modifier or declaring the property as nullable. [E:\DoAnTotNghiep\BackEnd\BookingTicket.Application\BookingTicket.Application.csproj]
E:\DoAnTotNghiep\BackEnd\BookingTicket.Application\DTOs\Bus\UpdateBusDTO.cs(20,23): warning CS8618: Non-nullable property 'PlateNumber' must contain a non-null value when exiting constructor. Consider adding the 'required' modifier or declaring the property as nullable. [E:\DoAnTotNghiep\BackEnd\BookingTicket.Application\BookingTicket.Application.csproj]
E:\DoAnTotNghiep\BackEnd\BookingTicket.Application\DTOs\Bus\BusDTO.cs(14,23): warning CS8618: Non-nullable property 'BusName' must contain a non-null value when exiting constructor. Consider adding the 'required' modifier or declaring the property as nullable. [E:\DoAnTotNghiep\BackEnd\BookingTicket.Application\BookingTicket.Application.csproj]
E:\DoAnTotNghiep\BackEnd\BookingTicket.Application\DTOs\Bus\BusDTO.cs(19,23): warning CS8618: Non-nullable property 'BusTypeName' must contain a non-null value when exiting constructor. Consider adding the 'required' modifier or declaring the property as nullable. [E:\DoAnTotNghiep\BackEnd\BookingTicket.Application\BookingTicket.Application.csproj]
E:\DoAnTotNghiep\BackEnd\BookingTicket.Application\DTOs\Bus\BusDTO.cs(22,23): warning CS8618: Non-nullable property 'PlateNumber' must contain a non-null value when exiting constructor. Consider adding the 'required' modifier or declaring the property as nullable. [E:\DoAnTotNghiep\BackEnd\BookingTicket.Application\BookingTicket.Application.csproj]
E:\DoAnTotNghiep\BackEnd\BookingTicket.Application\DTOs\Bus\BusTypeDto.cs(6,23): warning CS8618: Non-nullable property 'TypeName' must contain a non-null value when exiting constructor. Consider adding the 'required' modifier or declaring the property as nullable. [E:\DoAnTotNghiep\BackEnd\BookingTicket.Application\BookingTicket.Application.csproj]
E:\DoAnTotNghiep\BackEnd\BookingTicket.Application\DTOs\Bus\BusTypeDto.cs(8,23): warning CS8618: Non-nullable property 'Description' must contain a non-null value when exiting constructor. Consider adding the 'required' modifier or declaring the property as nullable. [E:\DoAnTotNghiep\BackEnd\BookingTicket.Application\BookingTicket.Application.csproj]
E:\DoAnTotNghiep\BackEnd\BookingTicket.Application\DTOs\AI\ChatMessageDTO.cs(11,23): warning CS8618: Non-nullable property 'Role' must contain a non-null value when exiting constructor. Consider adding the 'required' modifier or declaring the property as nullable. [E:\DoAnTotNghiep\BackEnd\BookingTicket.Application\BookingTicket.Application.csproj]
E:\DoAnTotNghiep\BackEnd\BookingTicket.Application\DTOs\AI\ChatMessageDTO.cs(12,23): warning CS8618: Non-nullable property 'Content' must contain a non-null value when exiting constructor. Consider adding the 'required' modifier or declaring the property as nullable. [E:\DoAnTotNghiep\BackEnd\BookingTicket.Application\BookingTicket.Application.csproj]
E:\DoAnTotNghiep\BackEnd\BookingTicket.Application\DTOs\Bus\BusTypeDto.cs(14,23): warning CS8618: Non-nullable property 'TypeName' must contain a non-null value when exiting constructor. Consider adding the 'required' modifier or declaring the property as nullable. [E:\DoAnTotNghiep\BackEnd\BookingTicket.Application\BookingTicket.Application.csproj]
E:\DoAnTotNghiep\BackEnd\BookingTicket.Application\DTOs\Bus\BusTypeDto.cs(16,23): warning CS8618: Non-nullable property 'Description' must contain a non-null value when exiting constructor. Consider adding the 'required' modifier or declaring the property as nullable. [E:\DoAnTotNghiep\BackEnd\BookingTicket.Application\BookingTicket.Application.csproj]
E:\DoAnTotNghiep\BackEnd\BookingTicket.Application\DTOs\AI\Choice.cs(11,24): warning CS8618: Non-nullable property 'message' must contain a non-null value when exiting constructor. Consider adding the 'required' modifier or declaring the property as nullable. [E:\DoAnTotNghiep\BackEnd\BookingTicket.Application\BookingTicket.Application.csproj]
E:\DoAnTotNghiep\BackEnd\BookingTicket.Application\DTOs\Bus\CreateBusDTO.cs(15,23): warning CS8618: Non-nullable property 'BusName' must contain a non-null value when exiting constructor. Consider adding the 'required' modifier or declaring the property as nullable. [E:\DoAnTotNghiep\BackEnd\BookingTicket.Application\BookingTicket.Application.csproj]
E:\DoAnTotNghiep\BackEnd\BookingTicket.Application\DTOs\Bus\CreateBusDTO.cs(21,23): warning CS8618: Non-nullable property 'PlateNumber' must contain a non-null value when exiting constructor. Consider adding the 'required' modifier or declaring the property as nullable. [E:\DoAnTotNghiep\BackEnd\BookingTicket.Application\BookingTicket.Application.csproj]
E:\DoAnTotNghiep\BackEnd\BookingTicket.Application\Services\EmailService.cs(31,48): warning CS8604: Possible null reference argument for parameter 'address' in 'MailAddress.MailAddress(string address, string? displayName)'. [E:\DoAnTotNghiep\BackEnd\BookingTicket.Application\BookingTicket.Application.csproj]
E:\DoAnTotNghiep\BackEnd\BookingTicket.Application\Services\VehicleService.cs(107,24): warning CS8603: Possible null reference return. [E:\DoAnTotNghiep\BackEnd\BookingTicket.Application\BookingTicket.Application.csproj]
E:\DoAnTotNghiep\BackEnd\BookingTicket.Application\Services\VehicleService.cs(118,24): warning CS8603: Possible null reference return. [E:\DoAnTotNghiep\BackEnd\BookingTicket.Application\BookingTicket.Application.csproj]
E:\DoAnTotNghiep\BackEnd\BookingTicket.Application\Services\UserService.cs(36,32): warning CS8601: Possible null reference assignment. [E:\DoAnTotNghiep\BackEnd\BookingTicket.Application\BookingTicket.Application.csproj]
E:\DoAnTotNghiep\BackEnd\BookingTicket.Application\Services\UserService.cs(37,35): warning CS8601: Possible null reference assignment. [E:\DoAnTotNghiep\BackEnd\BookingTicket.Application\BookingTicket.Application.csproj]
E:\DoAnTotNghiep\BackEnd\BookingTicket.Application\Services\UserService.cs(38,29): warning CS8601: Possible null reference assignment. [E:\DoAnTotNghiep\BackEnd\BookingTicket.Application\BookingTicket.Application.csproj]
E:\DoAnTotNghiep\BackEnd\BookingTicket.Application\Services\UserService.cs(52,38): warning CS8603: Possible null reference return. [E:\DoAnTotNghiep\BackEnd\BookingTicket.Application\BookingTicket.Application.csproj]
E:\DoAnTotNghiep\BackEnd\BookingTicket.Application\Services\UserService.cs(59,28): warning CS8601: Possible null reference assignment. [E:\DoAnTotNghiep\BackEnd\BookingTicket.Application\BookingTicket.Application.csproj]
E:\DoAnTotNghiep\BackEnd\BookingTicket.Application\Services\UserService.cs(60,31): warning CS8601: Possible null reference assignment. [E:\DoAnTotNghiep\BackEnd\BookingTicket.Application\BookingTicket.Application.csproj]
E:\DoAnTotNghiep\BackEnd\BookingTicket.Application\Services\UserService.cs(61,25): warning CS8601: Possible null reference assignment. [E:\DoAnTotNghiep\BackEnd\BookingTicket.Application\BookingTicket.Application.csproj]
E:\DoAnTotNghiep\BackEnd\BookingTicket.Application\Services\TripService.cs(202,29): warning CS8601: Possible null reference assignment. [E:\DoAnTotNghiep\BackEnd\BookingTicket.Application\BookingTicket.Application.csproj]
E:\DoAnTotNghiep\BackEnd\BookingTicket.Application\Services\TripService.cs(207,28): warning CS8601: Possible null reference assignment. [E:\DoAnTotNghiep\BackEnd\BookingTicket.Application\BookingTicket.Application.csproj]
E:\DoAnTotNghiep\BackEnd\BookingTicket.Application\Services\TripService.cs(213,39): warning CS8601: Possible null reference assignment. [E:\DoAnTotNghiep\BackEnd\BookingTicket.Application\BookingTicket.Application.csproj]
E:\DoAnTotNghiep\BackEnd\BookingTicket.Application\Services\TripService.cs(214,37): warning CS8601: Possible null reference assignment. [E:\DoAnTotNghiep\BackEnd\BookingTicket.Application\BookingTicket.Application.csproj]
E:\DoAnTotNghiep\BackEnd\BookingTicket.Infrastructure\Repositories\AiRepository.cs(136,29): warning CS8618: Non-nullable property 'Choices' must contain a non-null value when exiting constructor. Consider adding the 'required' modifier or declaring the property as nullable. [E:\DoAnTotNghiep\BackEnd\BookingTicket.Infrastructure\BookingTicket.Infrastructure.csproj]
E:\DoAnTotNghiep\BackEnd\BookingTicket.Infrastructure\Repositories\AiRepository.cs(141,24): warning CS8618: Non-nullable property 'message' must contain a non-null value when exiting constructor. Consider adding the 'required' modifier or declaring the property as nullable. [E:\DoAnTotNghiep\BackEnd\BookingTicket.Infrastructure\BookingTicket.Infrastructure.csproj]
E:\DoAnTotNghiep\BackEnd\BookingTicket.Infrastructure\Repositories\AiRepository.cs(146,23): warning CS8618: Non-nullable property 'Content' must contain a non-null value when exiting constructor. Consider adding the 'required' modifier or declaring the property as nullable. [E:\DoAnTotNghiep\BackEnd\BookingTicket.Infrastructure\BookingTicket.Infrastructure.csproj]
E:\DoAnTotNghiep\BackEnd\BookingTicket.Infrastructure\Services\PayOSService.cs(53,33): warning CS1998: This async method lacks 'await' operators and will run synchronously. Consider using the 'await' operator to await non-blocking API calls, or 'await Task.Run(...)' to do CPU-bound work on a background thread. [E:\DoAnTotNghiep\BackEnd\BookingTicket.Infrastructure\BookingTicket.Infrastructure.csproj]
E:\DoAnTotNghiep\BackEnd\BookingTicket.Infrastructure\Repositories\UserTokenRepository.cs(20,20): warning CS8603: Possible null reference return. [E:\DoAnTotNghiep\BackEnd\BookingTicket.Infrastructure\BookingTicket.Infrastructure.csproj]
E:\DoAnTotNghiep\BackEnd\BookingTicket.Infrastructure\Repositories\UserRepository.cs(28,20): warning CS8603: Possible null reference return. [E:\DoAnTotNghiep\BackEnd\BookingTicket.Infrastructure\BookingTicket.Infrastructure.csproj]
E:\DoAnTotNghiep\BackEnd\BookingTicket.Infrastructure\Repositories\UserRepository.cs(58,20): warning CS8603: Possible null reference return. [E:\DoAnTotNghiep\BackEnd\BookingTicket.Infrastructure\BookingTicket.Infrastructure.csproj]
C:\Program Files\dotnet\sdk\9.0.302\Microsoft.Common.CurrentVersion.targets(5094,5): warning MSB3026: Could not copy "E:\DoAnTotNghiep\BackEnd\BookingTicket.Domain\bin\Debug\net8.0\BookingTicket.Domain.dll" to "bin\Debug\net8.0\BookingTicket.Domain.dll". Beginning retry 1 in 1000ms. The process cannot access the file 'E:\DoAnTotNghiep\BackEnd\BookingTicket.API\bin\Debug\net8.0\BookingTicket.Domain.dll' because it is being used by another process. The file is locked by: "BookingTicket.API (19712)" [E:\DoAnTotNghiep\BackEnd\BookingTicket.API\BookingTicket.API.csproj]
C:\Program Files\dotnet\sdk\9.0.302\Microsoft.Common.CurrentVersion.targets(5094,5): warning MSB3026: Could not copy "E:\DoAnTotNghiep\BackEnd\BookingTicket.Application\bin\Debug\net8.0\BookingTicket.Application.dll" to "bin\Debug\net8.0\BookingTicket.Application.dll". Beginning retry 1 in 1000ms. The process cannot access the file 'E:\DoAnTotNghiep\BackEnd\BookingTicket.API\bin\Debug\net8.0\BookingTicket.Application.dll' because it is being used by another process. The file is locked by: "Microsoft Visual Studio 2022 (29544), BookingTicket.API (19712)" [E:\DoAnTotNghiep\BackEnd\BookingTicket.API\BookingTicket.API.csproj]
C:\Program Files\dotnet\sdk\9.0.302\Microsoft.Common.CurrentVersion.targets(5094,5): warning MSB3026: Could not copy "E:\DoAnTotNghiep\BackEnd\BookingTicket.Infrastructure\bin\Debug\net8.0\BookingTicket.Infrastructure.dll" to "bin\Debug\net8.0\BookingTicket.Infrastructure.dll". Beginning retry 1 in 1000ms. The process cannot access the file 'E:\DoAnTotNghiep\BackEnd\BookingTicket.API\bin\Debug\net8.0\BookingTicket.Infrastructure.dll' because it is being used by another process. The file is locked by: "Microsoft Visual Studio 2022 (29544), BookingTicket.API (19712)" [E:\DoAnTotNghiep\BackEnd\BookingTicket.API\BookingTicket.API.csproj]
C:\Program Files\dotnet\sdk\9.0.302\Microsoft.Common.CurrentVersion.targets(5094,5): warning MSB3026: Could not copy "E:\DoAnTotNghiep\BackEnd\BookingTicket.Domain\bin\Debug\net8.0\BookingTicket.Domain.dll" to "bin\Debug\net8.0\BookingTicket.Domain.dll". Beginning retry 2 in 1000ms. The process cannot access the file 'E:\DoAnTotNghiep\BackEnd\BookingTicket.API\bin\Debug\net8.0\BookingTicket.Domain.dll' because it is being used by another process. The file is locked by: "BookingTicket.API (19712)" [E:\DoAnTotNghiep\BackEnd\BookingTicket.API\BookingTicket.API.csproj]
C:\Program Files\dotnet\sdk\9.0.302\Microsoft.Common.CurrentVersion.targets(5094,5): warning MSB3026: Could not copy "E:\DoAnTotNghiep\BackEnd\BookingTicket.Infrastructure\bin\Debug\net8.0\BookingTicket.Infrastructure.dll" to "bin\Debug\net8.0\BookingTicket.Infrastructure.dll". Beginning retry 2 in 1000ms. The process cannot access the file 'E:\DoAnTotNghiep\BackEnd\BookingTicket.API\bin\Debug\net8.0\BookingTicket.Infrastructure.dll' because it is being used by another process. The file is locked by: "Microsoft Visual Studio 2022 (29544), BookingTicket.API (19712)" [E:\DoAnTotNghiep\BackEnd\BookingTicket.API\BookingTicket.API.csproj]
C:\Program Files\dotnet\sdk\9.0.302\Microsoft.Common.CurrentVersion.targets(5094,5): warning MSB3026: Could not copy "E:\DoAnTotNghiep\BackEnd\BookingTicket.Application\bin\Debug\net8.0\BookingTicket.Application.dll" to "bin\Debug\net8.0\BookingTicket.Application.dll". Beginning retry 2 in 1000ms. The process cannot access the file 'E:\DoAnTotNghiep\BackEnd\BookingTicket.API\bin\Debug\net8.0\BookingTicket.Application.dll' because it is being used by another process. The file is locked by: "Microsoft Visual Studio 2022 (29544), BookingTicket.API (19712)" [E:\DoAnTotNghiep\BackEnd\BookingTicket.API\BookingTicket.API.csproj]
C:\Program Files\dotnet\sdk\9.0.302\Microsoft.Common.CurrentVersion.targets(5094,5): warning MSB3026: Could not copy "E:\DoAnTotNghiep\BackEnd\BookingTicket.Domain\bin\Debug\net8.0\BookingTicket.Domain.dll" to "bin\Debug\net8.0\BookingTicket.Domain.dll". Beginning retry 3 in 1000ms. The process cannot access the file 'E:\DoAnTotNghiep\BackEnd\BookingTicket.API\bin\Debug\net8.0\BookingTicket.Domain.dll' because it is being used by another process. The file is locked by: "BookingTicket.API (19712)" [E:\DoAnTotNghiep\BackEnd\BookingTicket.API\BookingTicket.API.csproj]
C:\Program Files\dotnet\sdk\9.0.302\Microsoft.Common.CurrentVersion.targets(5094,5): warning MSB3026: Could not copy "E:\DoAnTotNghiep\BackEnd\BookingTicket.Application\bin\Debug\net8.0\BookingTicket.Application.dll" to "bin\Debug\net8.0\BookingTicket.Application.dll". Beginning retry 3 in 1000ms. The process cannot access the file 'E:\DoAnTotNghiep\BackEnd\BookingTicket.API\bin\Debug\net8.0\BookingTicket.Application.dll' because it is being used by another process. The file is locked by: "Microsoft Visual Studio 2022 (29544), BookingTicket.API (19712)" [E:\DoAnTotNghiep\BackEnd\BookingTicket.API\BookingTicket.API.csproj]
C:\Program Files\dotnet\sdk\9.0.302\Microsoft.Common.CurrentVersion.targets(5094,5): warning MSB3026: Could not copy "E:\DoAnTotNghiep\BackEnd\BookingTicket.Infrastructure\bin\Debug\net8.0\BookingTicket.Infrastructure.dll" to "bin\Debug\net8.0\BookingTicket.Infrastructure.dll". Beginning retry 3 in 1000ms. The process cannot access the file 'E:\DoAnTotNghiep\BackEnd\BookingTicket.API\bin\Debug\net8.0\BookingTicket.Infrastructure.dll' because it is being used by another process. The file is locked by: "Microsoft Visual Studio 2022 (29544), BookingTicket.API (19712)" [E:\DoAnTotNghiep\BackEnd\BookingTicket.API\BookingTicket.API.csproj]
C:\Program Files\dotnet\sdk\9.0.302\Microsoft.Common.CurrentVersion.targets(5094,5): warning MSB3026: Could not copy "E:\DoAnTotNghiep\BackEnd\BookingTicket.Domain\bin\Debug\net8.0\BookingTicket.Domain.dll" to "bin\Debug\net8.0\BookingTicket.Domain.dll". Beginning retry 4 in 1000ms. The process cannot access the file 'E:\DoAnTotNghiep\BackEnd\BookingTicket.API\bin\Debug\net8.0\BookingTicket.Domain.dll' because it is being used by another process. The file is locked by: "BookingTicket.API (19712)" [E:\DoAnTotNghiep\BackEnd\BookingTicket.API\BookingTicket.API.csproj]
C:\Program Files\dotnet\sdk\9.0.302\Microsoft.Common.CurrentVersion.targets(5094,5): warning MSB3026: Could not copy "E:\DoAnTotNghiep\BackEnd\BookingTicket.Infrastructure\bin\Debug\net8.0\BookingTicket.Infrastructure.dll" to "bin\Debug\net8.0\BookingTicket.Infrastructure.dll". Beginning retry 4 in 1000ms. The process cannot access the file 'E:\DoAnTotNghiep\BackEnd\BookingTicket.API\bin\Debug\net8.0\BookingTicket.Infrastructure.dll' because it is being used by another process. The file is locked by: "Microsoft Visual Studio 2022 (29544), BookingTicket.API (19712)" [E:\DoAnTotNghiep\BackEnd\BookingTicket.API\BookingTicket.API.csproj]
C:\Program Files\dotnet\sdk\9.0.302\Microsoft.Common.CurrentVersion.targets(5094,5): warning MSB3026: Could not copy "E:\DoAnTotNghiep\BackEnd\BookingTicket.Application\bin\Debug\net8.0\BookingTicket.Application.dll" to "bin\Debug\net8.0\BookingTicket.Application.dll". Beginning retry 4 in 1000ms. The process cannot access the file 'E:\DoAnTotNghiep\BackEnd\BookingTicket.API\bin\Debug\net8.0\BookingTicket.Application.dll' because it is being used by another process. The file is locked by: "Microsoft Visual Studio 2022 (29544), BookingTicket.API (19712)" [E:\DoAnTotNghiep\BackEnd\BookingTicket.API\BookingTicket.API.csproj]
C:\Program Files\dotnet\sdk\9.0.302\Microsoft.Common.CurrentVersion.targets(5094,5): warning MSB3026: Could not copy "E:\DoAnTotNghiep\BackEnd\BookingTicket.Domain\bin\Debug\net8.0\BookingTicket.Domain.dll" to "bin\Debug\net8.0\BookingTicket.Domain.dll". Beginning retry 5 in 1000ms. The process cannot access the file 'E:\DoAnTotNghiep\BackEnd\BookingTicket.API\bin\Debug\net8.0\BookingTicket.Domain.dll' because it is being used by another process. The file is locked by: "BookingTicket.API (19712)" [E:\DoAnTotNghiep\BackEnd\BookingTicket.API\BookingTicket.API.csproj]
C:\Program Files\dotnet\sdk\9.0.302\Microsoft.Common.CurrentVersion.targets(5094,5): warning MSB3026: Could not copy "E:\DoAnTotNghiep\BackEnd\BookingTicket.Application\bin\Debug\net8.0\BookingTicket.Application.dll" to "bin\Debug\net8.0\BookingTicket.Application.dll". Beginning retry 5 in 1000ms. The process cannot access the file 'E:\DoAnTotNghiep\BackEnd\BookingTicket.API\bin\Debug\net8.0\BookingTicket.Application.dll' because it is being used by another process. The file is locked by: "Microsoft Visual Studio 2022 (29544), BookingTicket.API (19712)" [E:\DoAnTotNghiep\BackEnd\BookingTicket.API\BookingTicket.API.csproj]
C:\Program Files\dotnet\sdk\9.0.302\Microsoft.Common.CurrentVersion.targets(5094,5): warning MSB3026: Could not copy "E:\DoAnTotNghiep\BackEnd\BookingTicket.Infrastructure\bin\Debug\net8.0\BookingTicket.Infrastructure.dll" to "bin\Debug\net8.0\BookingTicket.Infrastructure.dll". Beginning retry 5 in 1000ms. The process cannot access the file 'E:\DoAnTotNghiep\BackEnd\BookingTicket.API\bin\Debug\net8.0\BookingTicket.Infrastructure.dll' because it is being used by another process. The file is locked by: "Microsoft Visual Studio 2022 (29544), BookingTicket.API (19712)" [E:\DoAnTotNghiep\BackEnd\BookingTicket.API\BookingTicket.API.csproj]
C:\Program Files\dotnet\sdk\9.0.302\Microsoft.Common.CurrentVersion.targets(5094,5): warning MSB3026: Could not copy "E:\DoAnTotNghiep\BackEnd\BookingTicket.Domain\bin\Debug\net8.0\BookingTicket.Domain.dll" to "bin\Debug\net8.0\BookingTicket.Domain.dll". Beginning retry 6 in 1000ms. The process cannot access the file 'E:\DoAnTotNghiep\BackEnd\BookingTicket.API\bin\Debug\net8.0\BookingTicket.Domain.dll' because it is being used by another process. The file is locked by: "BookingTicket.API (19712)" [E:\DoAnTotNghiep\BackEnd\BookingTicket.API\BookingTicket.API.csproj]
C:\Program Files\dotnet\sdk\9.0.302\Microsoft.Common.CurrentVersion.targets(5094,5): warning MSB3026: Could not copy "E:\DoAnTotNghiep\BackEnd\BookingTicket.Application\bin\Debug\net8.0\BookingTicket.Application.dll" to "bin\Debug\net8.0\BookingTicket.Application.dll". Beginning retry 6 in 1000ms. The process cannot access the file 'E:\DoAnTotNghiep\BackEnd\BookingTicket.API\bin\Debug\net8.0\BookingTicket.Application.dll' because it is being used by another process. The file is locked by: "Microsoft Visual Studio 2022 (29544), BookingTicket.API (19712)" [E:\DoAnTotNghiep\BackEnd\BookingTicket.API\BookingTicket.API.csproj]
C:\Program Files\dotnet\sdk\9.0.302\Microsoft.Common.CurrentVersion.targets(5094,5): warning MSB3026: Could not copy "E:\DoAnTotNghiep\BackEnd\BookingTicket.Infrastructure\bin\Debug\net8.0\BookingTicket.Infrastructure.dll" to "bin\Debug\net8.0\BookingTicket.Infrastructure.dll". Beginning retry 6 in 1000ms. The process cannot access the file 'E:\DoAnTotNghiep\BackEnd\BookingTicket.API\bin\Debug\net8.0\BookingTicket.Infrastructure.dll' because it is being used by another process. The file is locked by: "Microsoft Visual Studio 2022 (29544), BookingTicket.API (19712)" [E:\DoAnTotNghiep\BackEnd\BookingTicket.API\BookingTicket.API.csproj]
C:\Program Files\dotnet\sdk\9.0.302\Microsoft.Common.CurrentVersion.targets(5094,5): warning MSB3026: Could not copy "E:\DoAnTotNghiep\BackEnd\BookingTicket.Domain\bin\Debug\net8.0\BookingTicket.Domain.dll" to "bin\Debug\net8.0\BookingTicket.Domain.dll". Beginning retry 7 in 1000ms. The process cannot access the file 'E:\DoAnTotNghiep\BackEnd\BookingTicket.API\bin\Debug\net8.0\BookingTicket.Domain.dll' because it is being used by another process. The file is locked by: "BookingTicket.API (19712)" [E:\DoAnTotNghiep\BackEnd\BookingTicket.API\BookingTicket.API.csproj]
C:\Program Files\dotnet\sdk\9.0.302\Microsoft.Common.CurrentVersion.targets(5094,5): warning MSB3026: Could not copy "E:\DoAnTotNghiep\BackEnd\BookingTicket.Application\bin\Debug\net8.0\BookingTicket.Application.dll" to "bin\Debug\net8.0\BookingTicket.Application.dll". Beginning retry 7 in 1000ms. The process cannot access the file 'E:\DoAnTotNghiep\BackEnd\BookingTicket.API\bin\Debug\net8.0\BookingTicket.Application.dll' because it is being used by another process. The file is locked by: "Microsoft Visual Studio 2022 (29544), BookingTicket.API (19712)" [E:\DoAnTotNghiep\BackEnd\BookingTicket.API\BookingTicket.API.csproj]
C:\Program Files\dotnet\sdk\9.0.302\Microsoft.Common.CurrentVersion.targets(5094,5): warning MSB3026: Could not copy "E:\DoAnTotNghiep\BackEnd\BookingTicket.Infrastructure\bin\Debug\net8.0\BookingTicket.Infrastructure.dll" to "bin\Debug\net8.0\BookingTicket.Infrastructure.dll". Beginning retry 7 in 1000ms. The process cannot access the file 'E:\DoAnTotNghiep\BackEnd\BookingTicket.API\bin\Debug\net8.0\BookingTicket.Infrastructure.dll' because it is being used by another process. The file is locked by: "Microsoft Visual Studio 2022 (29544), BookingTicket.API (19712)" [E:\DoAnTotNghiep\BackEnd\BookingTicket.API\BookingTicket.API.csproj]
C:\Program Files\dotnet\sdk\9.0.302\Microsoft.Common.CurrentVersion.targets(5094,5): warning MSB3026: Could not copy "E:\DoAnTotNghiep\BackEnd\BookingTicket.Domain\bin\Debug\net8.0\BookingTicket.Domain.dll" to "bin\Debug\net8.0\BookingTicket.Domain.dll". Beginning retry 8 in 1000ms. The process cannot access the file 'E:\DoAnTotNghiep\BackEnd\BookingTicket.API\bin\Debug\net8.0\BookingTicket.Domain.dll' because it is being used by another process. The file is locked by: "BookingTicket.API (19712)" [E:\DoAnTotNghiep\BackEnd\BookingTicket.API\BookingTicket.API.csproj]
C:\Program Files\dotnet\sdk\9.0.302\Microsoft.Common.CurrentVersion.targets(5094,5): warning MSB3026: Could not copy "E:\DoAnTotNghiep\BackEnd\BookingTicket.Application\bin\Debug\net8.0\BookingTicket.Application.dll" to "bin\Debug\net8.0\BookingTicket.Application.dll". Beginning retry 8 in 1000ms. The process cannot access the file 'E:\DoAnTotNghiep\BackEnd\BookingTicket.API\bin\Debug\net8.0\BookingTicket.Application.dll' because it is being used by another process. The file is locked by: "Microsoft Visual Studio 2022 (29544), BookingTicket.API (19712)" [E:\DoAnTotNghiep\BackEnd\BookingTicket.API\BookingTicket.API.csproj]
C:\Program Files\dotnet\sdk\9.0.302\Microsoft.Common.CurrentVersion.targets(5094,5): warning MSB3026: Could not copy "E:\DoAnTotNghiep\BackEnd\BookingTicket.Infrastructure\bin\Debug\net8.0\BookingTicket.Infrastructure.dll" to "bin\Debug\net8.0\BookingTicket.Infrastructure.dll". Beginning retry 8 in 1000ms. The process cannot access the file 'E:\DoAnTotNghiep\BackEnd\BookingTicket.API\bin\Debug\net8.0\BookingTicket.Infrastructure.dll' because it is being used by another process. The file is locked by: "Microsoft Visual Studio 2022 (29544), BookingTicket.API (19712)" [E:\DoAnTotNghiep\BackEnd\BookingTicket.API\BookingTicket.API.csproj]
C:\Program Files\dotnet\sdk\9.0.302\Microsoft.Common.CurrentVersion.targets(5094,5): warning MSB3026: Could not copy "E:\DoAnTotNghiep\BackEnd\BookingTicket.Domain\bin\Debug\net8.0\BookingTicket.Domain.dll" to "bin\Debug\net8.0\BookingTicket.Domain.dll". Beginning retry 9 in 1000ms. The process cannot access the file 'E:\DoAnTotNghiep\BackEnd\BookingTicket.API\bin\Debug\net8.0\BookingTicket.Domain.dll' because it is being used by another process. The file is locked by: "BookingTicket.API (19712)" [E:\DoAnTotNghiep\BackEnd\BookingTicket.API\BookingTicket.API.csproj]
C:\Program Files\dotnet\sdk\9.0.302\Microsoft.Common.CurrentVersion.targets(5094,5): warning MSB3026: Could not copy "E:\DoAnTotNghiep\BackEnd\BookingTicket.Application\bin\Debug\net8.0\BookingTicket.Application.dll" to "bin\Debug\net8.0\BookingTicket.Application.dll". Beginning retry 9 in 1000ms. The process cannot access the file 'E:\DoAnTotNghiep\BackEnd\BookingTicket.API\bin\Debug\net8.0\BookingTicket.Application.dll' because it is being used by another process. The file is locked by: "Microsoft Visual Studio 2022 (29544), BookingTicket.API (19712)" [E:\DoAnTotNghiep\BackEnd\BookingTicket.API\BookingTicket.API.csproj]
C:\Program Files\dotnet\sdk\9.0.302\Microsoft.Common.CurrentVersion.targets(5094,5): warning MSB3026: Could not copy "E:\DoAnTotNghiep\BackEnd\BookingTicket.Infrastructure\bin\Debug\net8.0\BookingTicket.Infrastructure.dll" to "bin\Debug\net8.0\BookingTicket.Infrastructure.dll". Beginning retry 9 in 1000ms. The process cannot access the file 'E:\DoAnTotNghiep\BackEnd\BookingTicket.API\bin\Debug\net8.0\BookingTicket.Infrastructure.dll' because it is being used by another process. The file is locked by: "Microsoft Visual Studio 2022 (29544), BookingTicket.API (19712)" [E:\DoAnTotNghiep\BackEnd\BookingTicket.API\BookingTicket.API.csproj]
C:\Program Files\dotnet\sdk\9.0.302\Microsoft.Common.CurrentVersion.targets(5094,5): warning MSB3026: Could not copy "E:\DoAnTotNghiep\BackEnd\BookingTicket.Domain\bin\Debug\net8.0\BookingTicket.Domain.dll" to "bin\Debug\net8.0\BookingTicket.Domain.dll". Beginning retry 10 in 1000ms. The process cannot access the file 'E:\DoAnTotNghiep\BackEnd\BookingTicket.API\bin\Debug\net8.0\BookingTicket.Domain.dll' because it is being used by another process. The file is locked by: "BookingTicket.API (19712)" [E:\DoAnTotNghiep\BackEnd\BookingTicket.API\BookingTicket.API.csproj]
C:\Program Files\dotnet\sdk\9.0.302\Microsoft.Common.CurrentVersion.targets(5094,5): warning MSB3026: Could not copy "E:\DoAnTotNghiep\BackEnd\BookingTicket.Application\bin\Debug\net8.0\BookingTicket.Application.dll" to "bin\Debug\net8.0\BookingTicket.Application.dll". Beginning retry 10 in 1000ms. The process cannot access the file 'E:\DoAnTotNghiep\BackEnd\BookingTicket.API\bin\Debug\net8.0\BookingTicket.Application.dll' because it is being used by another process. The file is locked by: "Microsoft Visual Studio 2022 (29544), BookingTicket.API (19712)" [E:\DoAnTotNghiep\BackEnd\BookingTicket.API\BookingTicket.API.csproj]
C:\Program Files\dotnet\sdk\9.0.302\Microsoft.Common.CurrentVersion.targets(5094,5): warning MSB3026: Could not copy "E:\DoAnTotNghiep\BackEnd\BookingTicket.Infrastructure\bin\Debug\net8.0\BookingTicket.Infrastructure.dll" to "bin\Debug\net8.0\BookingTicket.Infrastructure.dll". Beginning retry 10 in 1000ms. The process cannot access the file 'E:\DoAnTotNghiep\BackEnd\BookingTicket.API\bin\Debug\net8.0\BookingTicket.Infrastructure.dll' because it is being used by another process. The file is locked by: "Microsoft Visual Studio 2022 (29544), BookingTicket.API (19712)" [E:\DoAnTotNghiep\BackEnd\BookingTicket.API\BookingTicket.API.csproj]
C:\Program Files\dotnet\sdk\9.0.302\Microsoft.Common.CurrentVersion.targets(5094,5): error MSB3027: Could not copy "E:\DoAnTotNghiep\BackEnd\BookingTicket.Domain\bin\Debug\net8.0\BookingTicket.Domain.dll" to "bin\Debug\net8.0\BookingTicket.Domain.dll". Exceeded retry count of 10. Failed. The file is locked by: "BookingTicket.API (19712)" [E:\DoAnTotNghiep\BackEnd\BookingTicket.API\BookingTicket.API.csproj]
C:\Program Files\dotnet\sdk\9.0.302\Microsoft.Common.CurrentVersion.targets(5094,5): error MSB3021: Unable to copy file "E:\DoAnTotNghiep\BackEnd\BookingTicket.Domain\bin\Debug\net8.0\BookingTicket.Domain.dll" to "bin\Debug\net8.0\BookingTicket.Domain.dll". The process cannot access the file 'E:\DoAnTotNghiep\BackEnd\BookingTicket.API\bin\Debug\net8.0\BookingTicket.Domain.dll' because it is being used by another process. [E:\DoAnTotNghiep\BackEnd\BookingTicket.API\BookingTicket.API.csproj]
C:\Program Files\dotnet\sdk\9.0.302\Microsoft.Common.CurrentVersion.targets(5094,5): error MSB3027: Could not copy "E:\DoAnTotNghiep\BackEnd\BookingTicket.Infrastructure\bin\Debug\net8.0\BookingTicket.Infrastructure.dll" to "bin\Debug\net8.0\BookingTicket.Infrastructure.dll". Exceeded retry count of 10. Failed. The file is locked by: "Microsoft Visual Studio 2022 (29544), BookingTicket.API (19712)" [E:\DoAnTotNghiep\BackEnd\BookingTicket.API\BookingTicket.API.csproj]
C:\Program Files\dotnet\sdk\9.0.302\Microsoft.Common.CurrentVersion.targets(5094,5): error MSB3021: Unable to copy file "E:\DoAnTotNghiep\BackEnd\BookingTicket.Infrastructure\bin\Debug\net8.0\BookingTicket.Infrastructure.dll" to "bin\Debug\net8.0\BookingTicket.Infrastructure.dll". The process cannot access the file 'E:\DoAnTotNghiep\BackEnd\BookingTicket.API\bin\Debug\net8.0\BookingTicket.Infrastructure.dll' because it is being used by another process. [E:\DoAnTotNghiep\BackEnd\BookingTicket.API\BookingTicket.API.csproj]
C:\Program Files\dotnet\sdk\9.0.302\Microsoft.Common.CurrentVersion.targets(5094,5): error MSB3027: Could not copy "E:\DoAnTotNghiep\BackEnd\BookingTicket.Application\bin\Debug\net8.0\BookingTicket.Application.dll" to "bin\Debug\net8.0\BookingTicket.Application.dll". Exceeded retry count of 10. Failed. The file is locked by: "Microsoft Visual Studio 2022 (29544), BookingTicket.API (19712)" [E:\DoAnTotNghiep\BackEnd\BookingTicket.API\BookingTicket.API.csproj]
C:\Program Files\dotnet\sdk\9.0.302\Microsoft.Common.CurrentVersion.targets(5094,5): error MSB3021: Unable to copy file "E:\DoAnTotNghiep\BackEnd\BookingTicket.Application\bin\Debug\net8.0\BookingTicket.Application.dll" to "bin\Debug\net8.0\BookingTicket.Application.dll". The process cannot access the file 'E:\DoAnTotNghiep\BackEnd\BookingTicket.API\bin\Debug\net8.0\BookingTicket.Application.dll' because it is being used by another process. [E:\DoAnTotNghiep\BackEnd\BookingTicket.API\BookingTicket.API.csproj]
    167 Warning(s)
    6 Error(s)

Time Elapsed 00:00:17.87
