  Determining projects to restore...
  All projects are up-to-date for restore.
  BookingTicket.Domain -> E:\DoAnTotNghiep\BackEnd\BookingTicket.Domain\bin\Debug\net8.0\BookingTicket.Domain.dll
  BookingTicket.Application -> E:\DoAnTotNghiep\BackEnd\BookingTicket.Application\bin\Debug\net8.0\BookingTicket.Application.dll
  BookingTicket.Infrastructure -> E:\DoAnTotNghiep\BackEnd\BookingTicket.Infrastructure\bin\Debug\net8.0\BookingTicket.Infrastructure.dll
E:\DoAnTotNghiep\BackEnd\BookingTicket.API\Program.cs(6,43): error CS0234: The type or namespace name 'JwtBearer' does not exist in the namespace 'Microsoft.AspNetCore.Authentication' (are you missing an assembly reference?) [E:\DoAnTotNghiep\BackEnd\BookingTicket.API\BookingTicket.API.csproj]

Build FAILED.

E:\DoAnTotNghiep\BackEnd\BookingTicket.API\Program.cs(6,43): error CS0234: The type or namespace name 'JwtBearer' does not exist in the namespace 'Microsoft.AspNetCore.Authentication' (are you missing an assembly reference?) [E:\DoAnTotNghiep\BackEnd\BookingTicket.API\BookingTicket.API.csproj]
    0 Warning(s)
    1 Error(s)

Time Elapsed 00:00:01.90
